Archive member included to satisfy reference by file (symbol)

C:/ST/STM32CubeIDE_1.19.0/STM32CubeIDE/plugins/com.st.stm32cube.ide.mcu.externaltools.gnu-tools-for-stm32.13.3.rel1.win32_1.0.0.202411081344/tools/bin/../lib/gcc/arm-none-eabi/13.3.1/../../../../arm-none-eabi/lib/thumb/v6-m/nofp\libc_nano.a(libc_a-exit.o)
                              C:/ST/STM32CubeIDE_1.19.0/STM32CubeIDE/plugins/com.st.stm32cube.ide.mcu.externaltools.gnu-tools-for-stm32.13.3.rel1.win32_1.0.0.202411081344/tools/bin/../lib/gcc/arm-none-eabi/13.3.1/../../../../arm-none-eabi/lib/thumb/v6-m/nofp/crt0.o (exit)
C:/ST/STM32CubeIDE_1.19.0/STM32CubeIDE/plugins/com.st.stm32cube.ide.mcu.externaltools.gnu-tools-for-stm32.13.3.rel1.win32_1.0.0.202411081344/tools/bin/../lib/gcc/arm-none-eabi/13.3.1/../../../../arm-none-eabi/lib/thumb/v6-m/nofp\libc_nano.a(libc_a-findfp.o)
                              C:/ST/STM32CubeIDE_1.19.0/STM32CubeIDE/plugins/com.st.stm32cube.ide.mcu.externaltools.gnu-tools-for-stm32.13.3.rel1.win32_1.0.0.202411081344/tools/bin/../lib/gcc/arm-none-eabi/13.3.1/../../../../arm-none-eabi/lib/thumb/v6-m/nofp\libc_nano.a(libc_a-exit.o) (__stdio_exit_handler)
C:/ST/STM32CubeIDE_1.19.0/STM32CubeIDE/plugins/com.st.stm32cube.ide.mcu.externaltools.gnu-tools-for-stm32.13.3.rel1.win32_1.0.0.202411081344/tools/bin/../lib/gcc/arm-none-eabi/13.3.1/../../../../arm-none-eabi/lib/thumb/v6-m/nofp\libc_nano.a(libc_a-fwalk.o)
                              C:/ST/STM32CubeIDE_1.19.0/STM32CubeIDE/plugins/com.st.stm32cube.ide.mcu.externaltools.gnu-tools-for-stm32.13.3.rel1.win32_1.0.0.202411081344/tools/bin/../lib/gcc/arm-none-eabi/13.3.1/../../../../arm-none-eabi/lib/thumb/v6-m/nofp\libc_nano.a(libc_a-findfp.o) (_fwalk_sglue)
C:/ST/STM32CubeIDE_1.19.0/STM32CubeIDE/plugins/com.st.stm32cube.ide.mcu.externaltools.gnu-tools-for-stm32.13.3.rel1.win32_1.0.0.202411081344/tools/bin/../lib/gcc/arm-none-eabi/13.3.1/../../../../arm-none-eabi/lib/thumb/v6-m/nofp\libc_nano.a(libc_a-printf.o)
                              ./Application/User/Core/main.o (printf)
C:/ST/STM32CubeIDE_1.19.0/STM32CubeIDE/plugins/com.st.stm32cube.ide.mcu.externaltools.gnu-tools-for-stm32.13.3.rel1.win32_1.0.0.202411081344/tools/bin/../lib/gcc/arm-none-eabi/13.3.1/../../../../arm-none-eabi/lib/thumb/v6-m/nofp\libc_nano.a(libc_a-stdio.o)
                              C:/ST/STM32CubeIDE_1.19.0/STM32CubeIDE/plugins/com.st.stm32cube.ide.mcu.externaltools.gnu-tools-for-stm32.13.3.rel1.win32_1.0.0.202411081344/tools/bin/../lib/gcc/arm-none-eabi/13.3.1/../../../../arm-none-eabi/lib/thumb/v6-m/nofp\libc_nano.a(libc_a-findfp.o) (__sread)
C:/ST/STM32CubeIDE_1.19.0/STM32CubeIDE/plugins/com.st.stm32cube.ide.mcu.externaltools.gnu-tools-for-stm32.13.3.rel1.win32_1.0.0.202411081344/tools/bin/../lib/gcc/arm-none-eabi/13.3.1/../../../../arm-none-eabi/lib/thumb/v6-m/nofp\libc_nano.a(libc_a-memset.o)
                              C:/ST/STM32CubeIDE_1.19.0/STM32CubeIDE/plugins/com.st.stm32cube.ide.mcu.externaltools.gnu-tools-for-stm32.13.3.rel1.win32_1.0.0.202411081344/tools/bin/../lib/gcc/arm-none-eabi/13.3.1/../../../../arm-none-eabi/lib/thumb/v6-m/nofp/crt0.o (memset)
C:/ST/STM32CubeIDE_1.19.0/STM32CubeIDE/plugins/com.st.stm32cube.ide.mcu.externaltools.gnu-tools-for-stm32.13.3.rel1.win32_1.0.0.202411081344/tools/bin/../lib/gcc/arm-none-eabi/13.3.1/../../../../arm-none-eabi/lib/thumb/v6-m/nofp\libc_nano.a(libc_a-closer.o)
                              C:/ST/STM32CubeIDE_1.19.0/STM32CubeIDE/plugins/com.st.stm32cube.ide.mcu.externaltools.gnu-tools-for-stm32.13.3.rel1.win32_1.0.0.202411081344/tools/bin/../lib/gcc/arm-none-eabi/13.3.1/../../../../arm-none-eabi/lib/thumb/v6-m/nofp\libc_nano.a(libc_a-stdio.o) (_close_r)
C:/ST/STM32CubeIDE_1.19.0/STM32CubeIDE/plugins/com.st.stm32cube.ide.mcu.externaltools.gnu-tools-for-stm32.13.3.rel1.win32_1.0.0.202411081344/tools/bin/../lib/gcc/arm-none-eabi/13.3.1/../../../../arm-none-eabi/lib/thumb/v6-m/nofp\libc_nano.a(libc_a-reent.o)
                              C:/ST/STM32CubeIDE_1.19.0/STM32CubeIDE/plugins/com.st.stm32cube.ide.mcu.externaltools.gnu-tools-for-stm32.13.3.rel1.win32_1.0.0.202411081344/tools/bin/../lib/gcc/arm-none-eabi/13.3.1/../../../../arm-none-eabi/lib/thumb/v6-m/nofp\libc_nano.a(libc_a-closer.o) (errno)
C:/ST/STM32CubeIDE_1.19.0/STM32CubeIDE/plugins/com.st.stm32cube.ide.mcu.externaltools.gnu-tools-for-stm32.13.3.rel1.win32_1.0.0.202411081344/tools/bin/../lib/gcc/arm-none-eabi/13.3.1/../../../../arm-none-eabi/lib/thumb/v6-m/nofp\libc_nano.a(libc_a-impure.o)
                              C:/ST/STM32CubeIDE_1.19.0/STM32CubeIDE/plugins/com.st.stm32cube.ide.mcu.externaltools.gnu-tools-for-stm32.13.3.rel1.win32_1.0.0.202411081344/tools/bin/../lib/gcc/arm-none-eabi/13.3.1/../../../../arm-none-eabi/lib/thumb/v6-m/nofp\libc_nano.a(libc_a-printf.o) (_impure_ptr)
[...]
Memory Configuration

Name             Origin             Length             Attributes
RAM              0x20000000         0x00009000         xrw
FLASH            0x08000000         0x00020000         xr
*default*        0x00000000         0xffffffff

Linker script and memory map

LOAD C:/ST/STM32CubeIDE_1.19.0/STM32CubeIDE/plugins/com.st.stm32cube.ide.mcu.externaltools.gnu-tools-for-stm32.13.3.rel1.win32_1.0.0.202411081344/tools/bin/../lib/gcc/arm-none-eabi/13.3.1/thumb/v6-m/nofp/crti.o
LOAD C:/ST/STM32CubeIDE_1.19.0/STM32CubeIDE/plugins/com.st.stm32cube.ide.mcu.externaltools.gnu-tools-for-stm32.13.3.rel1.win32_1.0.0.202411081344/tools/bin/../lib/gcc/arm-none-eabi/13.3.1/thumb/v6-m/nofp/crtbegin.o
LOAD C:/ST/STM32CubeIDE_1.19.0/STM32CubeIDE/plugins/com.st.stm32cube.ide.mcu.externaltools.gnu-tools-for-stm32.13.3.rel1.win32_1.0.0.202411081344/tools/bin/../lib/gcc/arm-none-eabi/13.3.1/../../../../arm-none-eabi/lib/thumb/v6-m/nofp/crt0.o
LOAD ./Application/User/Core/crc.o
LOAD ./Application/User/Core/gpio.o
LOAD ./Application/User/Core/main.o
LOAD ./Application/User/Core/stm32g0xx_hal_msp.o
LOAD ./Application/User/Core/stm32g0xx_it.o
LOAD ./Application/User/Core/syscalls.o
LOAD ./Application/User/Core/sysmem.o
LOAD ./Application/User/Core/usart.o
LOAD ./Application/User/Startup/startup_stm32g071rbtx.o
LOAD ./Drivers/CMSIS/system_stm32g0xx.o
LOAD ./Drivers/STM32G0xx_HAL_Driver/stm32g0xx_hal.o
LOAD ./Drivers/STM32G0xx_HAL_Driver/stm32g0xx_hal_cortex.o
LOAD ./Drivers/STM32G0xx_HAL_Driver/stm32g0xx_hal_crc.o
LOAD ./Drivers/STM32G0xx_HAL_Driver/stm32g0xx_hal_crc_ex.o
LOAD ./Drivers/STM32G0xx_HAL_Driver/stm32g0xx_hal_dma.o
LOAD ./Drivers/STM32G0xx_HAL_Driver/stm32g0xx_hal_dma_ex.o
LOAD ./Drivers/STM32G0xx_HAL_Driver/stm32g0xx_hal_exti.o
LOAD ./Drivers/STM32G0xx_HAL_Driver/stm32g0xx_hal_flash.o
LOAD ./Drivers/STM32G0xx_HAL_Driver/stm32g0xx_hal_flash_ex.o
LOAD ./Drivers/STM32G0xx_HAL_Driver/stm32g0xx_hal_gpio.o
LOAD ./Drivers/STM32G0xx_HAL_Driver/stm32g0xx_hal_pwr.o
LOAD ./Drivers/STM32G0xx_HAL_Driver/stm32g0xx_hal_pwr_ex.o
LOAD ./Drivers/STM32G0xx_HAL_Driver/stm32g0xx_hal_rcc.o
LOAD ./Drivers/STM32G0xx_HAL_Driver/stm32g0xx_hal_rcc_ex.o
LOAD ./Drivers/STM32G0xx_HAL_Driver/stm32g0xx_hal_uart.o
LOAD ./Drivers/STM32G0xx_HAL_Driver/stm32g0xx_hal_uart_ex.o
LOAD ./Drivers/STM32G0xx_HAL_Driver/stm32g0xx_ll_rcc.o
START GROUP
LOAD C:/ST/STM32CubeIDE_1.19.0/STM32CubeIDE/plugins/com.st.stm32cube.ide.mcu.externaltools.gnu-tools-for-stm32.13.3.rel1.win32_1.0.0.202411081344/tools/bin/../lib/gcc/arm-none-eabi/13.3.1/../../../../arm-none-eabi/lib/thumb/v6-m/nofp\libc_nano.a
LOAD C:/ST/STM32CubeIDE_1.19.0/STM32CubeIDE/plugins/com.st.stm32cube.ide.mcu.externaltools.gnu-tools-for-stm32.13.3.rel1.win32_1.0.0.202411081344/tools/bin/../lib/gcc/arm-none-eabi/13.3.1/../../../../arm-none-eabi/lib/thumb/v6-m/nofp\libm.a
END GROUP
START GROUP
LOAD C:/ST/STM32CubeIDE_1.19.0/STM32CubeIDE/plugins/com.st.stm32cube.ide.mcu.externaltools.gnu-tools-for-stm32.13.3.rel1.win32_1.0.0.202411081344/tools/bin/../lib/gcc/arm-none-eabi/13.3.1/thumb/v6-m/nofp\libgcc.a
LOAD C:/ST/STM32CubeIDE_1.19.0/STM32CubeIDE/plugins/com.st.stm32cube.ide.mcu.externaltools.gnu-tools-for-stm32.13.3.rel1.win32_1.0.0.202411081344/tools/bin/../lib/gcc/arm-none-eabi/13.3.1/../../../../arm-none-eabi/lib/thumb/v6-m/nofp\libc_nano.a
END GROUP
START GROUP
LOAD C:/ST/STM32CubeIDE_1.19.0/STM32CubeIDE/plugins/com.st.stm32cube.ide.mcu.externaltools.gnu-tools-for-stm32.13.3.rel1.win32_1.0.0.202411081344/tools/bin/../lib/gcc/arm-none-eabi/13.3.1/thumb/v6-m/nofp\libgcc.a
LOAD C:/ST/STM32CubeIDE_1.19.0/STM32CubeIDE/plugins/com.st.stm32cube.ide.mcu.externaltools.gnu-tools-for-stm32.13.3.rel1.win32_1.0.0.202411081344/tools/bin/../lib/gcc/arm-none-eabi/13.3.1/../../../../arm-none-eabi/lib/thumb/v6-m/nofp\libc_nano.a
LOAD C:/ST/STM32CubeIDE_1.19.0/STM32CubeIDE/plugins/com.st.stm32cube.ide.mcu.externaltools.gnu-tools-for-stm32.13.3.rel1.win32_1.0.0.202411081344/tools/bin/../lib/gcc/arm-none-eabi/13.3.1/../../../../arm-none-eabi/lib/thumb/v6-m/nofp\libnosys.a
END GROUP
START GROUP
LOAD C:/ST/STM32CubeIDE_1.19.0/STM32CubeIDE/plugins/com.st.stm32cube.ide.mcu.externaltools.gnu-tools-for-stm32.13.3.rel1.win32_1.0.0.202411081344/tools/bin/../lib/gcc/arm-none-eabi/13.3.1/thumb/v6-m/nofp\libgcc.a
LOAD C:/ST/STM32CubeIDE_1.19.0/STM32CubeIDE/plugins/com.st.stm32cube.ide.mcu.externaltools.gnu-tools-for-stm32.13.3.rel1.win32_1.0.0.202411081344/tools/bin/../lib/gcc/arm-none-eabi/13.3.1/../../../../arm-none-eabi/lib/thumb/v6-m/nofp\libc_nano.a
LOAD C:/ST/STM32CubeIDE_1.19.0/STM32CubeIDE/plugins/com.st.stm32cube.ide.mcu.externaltools.gnu-tools-for-stm32.13.3.rel1.win32_1.0.0.202411081344/tools/bin/../lib/gcc/arm-none-eabi/13.3.1/../../../../arm-none-eabi/lib/thumb/v6-m/nofp\libnosys.a
END GROUP
LOAD C:/ST/STM32CubeIDE_1.19.0/STM32CubeIDE/plugins/com.st.stm32cube.ide.mcu.externaltools.gnu-tools-for-stm32.13.3.rel1.win32_1.0.0.202411081344/tools/bin/../lib/gcc/arm-none-eabi/13.3.1/thumb/v6-m/nofp/crtend.o
LOAD C:/ST/STM32CubeIDE_1.19.0/STM32CubeIDE/plugins/com.st.stm32cube.ide.mcu.externaltools.gnu-tools-for-stm32.13.3.rel1.win32_1.0.0.202411081344/tools/bin/../lib/gcc/arm-none-eabi/13.3.1/thumb/v6-m/nofp/crtn.o
                0x20009000                        _estack = (ORIGIN (RAM) + LENGTH (RAM))
                0x00000200                        _Min_Heap_Size = 0x200
                0x00000400                        _Min_Stack_Size = 0x400

.isr_vector     0x08000000       0xbc
                0x08000000                        . = ALIGN (0x4)
 *(.isr_vector)
 .isr_vector    0x08000000       0xbc ./Application/User/Startup/startup_stm32g071rbtx.o
                0x08000000                g_pfnVectors
                0x080000bc                        . = ALIGN (0x4)

.text           0x080000bc     0x3f10
                0x080000bc                        . = ALIGN (0x4)
 *(.text)
 .text          0x080000bc       0x48 C:/ST/STM32CubeIDE_1.19.0/STM32CubeIDE/plugins/com.st.stm32cube.ide.mcu.externaltools.gnu-tools-for-stm32.13.3.rel1.win32_1.0.0.202411081344/tools/bin/../lib/gcc/arm-none-eabi/13.3.1/thumb/v6-m/nofp/crtbegin.o
 .text          0x08000104       0x14 C:/ST/STM32CubeIDE_1.19.0/STM32CubeIDE/plugins/com.st.stm32cube.ide.mcu.externaltools.gnu-tools-for-stm32.13.3.rel1.win32_1.0.0.202411081344/tools/bin/../lib/gcc/arm-none-eabi/13.3.1/thumb/v6-m/nofp\libgcc.a(_thumb1_case_shi.o)
                0x08000104                __gnu_thumb1_case_shi
 .text          0x08000118      0x114 C:/ST/STM32CubeIDE_1.19.0/STM32CubeIDE/plugins/com.st.stm32cube.ide.mcu.externaltools.gnu-tools-for-stm32.13.3.rel1.win32_1.0.0.202411081344/tools/bin/../lib/gcc/arm-none-eabi/13.3.1/thumb/v6-m/nofp\libgcc.a(_udivsi3.o)
                0x08000118                __aeabi_uidiv
                0x08000118                __udivsi3
                0x08000224                __aeabi_uidivmod
 .text          0x0800022c      0x1d4 C:/ST/STM32CubeIDE_1.19.0/STM32CubeIDE/plugins/com.st.stm32cube.ide.mcu.externaltools.gnu-tools-for-stm32.13.3.rel1.win32_1.0.0.202411081344/tools/bin/../lib/gcc/arm-none-eabi/13.3.1/thumb/v6-m/nofp\libgcc.a(_divsi3.o)
                0x0800022c                __divsi3
                0x0800022c                __aeabi_idiv
                0x080003f8                __aeabi_idivmod
 .text          0x08000400        0x4 C:/ST/STM32CubeIDE_1.19.0/STM32CubeIDE/plugins/com.st.stm32cube.ide.mcu.externaltools.gnu-tools-for-stm32.13.3.rel1.win32_1.0.0.202411081344/tools/bin/../lib/gcc/arm-none-eabi/13.3.1/thumb/v6-m/nofp\libgcc.a(_dvmd_tls.o)
                0x08000400                __aeabi_idiv0
                0x08000400                __aeabi_ldiv0
 .text          0x08000404       0x40 C:/ST/STM32CubeIDE_1.19.0/STM32CubeIDE/plugins/com.st.stm32cube.ide.mcu.externaltools.gnu-tools-for-stm32.13.3.rel1.win32_1.0.0.202411081344/tools/bin/../lib/gcc/arm-none-eabi/13.3.1/thumb/v6-m/nofp\libgcc.a(_aeabi_uldivmod.o)
                0x08000404                __aeabi_uldivmod
 .text          0x08000444      0x198 C:/ST/STM32CubeIDE_1.19.0/STM32CubeIDE/plugins/com.st.stm32cube.ide.mcu.externaltools.gnu-tools-for-stm32.13.3.rel1.win32_1.0.0.202411081344/tools/bin/../lib/gcc/arm-none-eabi/13.3.1/thumb/v6-m/nofp\libgcc.a(_udivmoddi4.o)
                0x08000444                __udivmoddi4
 .text          0x080005dc       0x18 C:/ST/STM32CubeIDE_1.19.0/STM32CubeIDE/plugins/com.st.stm32cube.ide.mcu.externaltools.gnu-tools-for-stm32.13.3.rel1.win32_1.0.0.202411081344/tools/bin/../lib/gcc/arm-none-eabi/13.3.1/thumb/v6-m/nofp\libgcc.a(_clzdi2.o)
                0x080005dc                __clzdi2
 .text          0x080005f4       0x3c C:/ST/STM32CubeIDE_1.19.0/STM32CubeIDE/plugins/com.st.stm32cube.ide.mcu.externaltools.gnu-tools-for-stm32.13.3.rel1.win32_1.0.0.202411081344/tools/bin/../lib/gcc/arm-none-eabi/13.3.1/thumb/v6-m/nofp\libgcc.a(_clzsi2.o)
                0x080005f4                __clzsi2
 *(.text*)
 .text.MX_CRC_Init
                0x08000630       0x48 ./Application/User/Core/crc.o
                0x08000630                MX_CRC_Init
 .text.HAL_CRC_MspInit
                0x08000678       0x40 ./Application/User/Core/crc.o
                0x08000678                HAL_CRC_MspInit
 .text.MX_GPIO_Init
                0x080006b8       0x2c ./Application/User/Core/gpio.o
                0x080006b8                MX_GPIO_Init
 .text.__io_putchar
                0x080006e4       0x24 ./Application/User/Core/main.o
                0x080006e4                __io_putchar
 .text.main     0x08000708       0xa4 ./Application/User/Core/main.o
                0x08000708                main
 .text.SystemClock_Config
                0x080007ac       0xbc ./Application/User/Core/main.o
                0x080007ac                SystemClock_Config
 .text.Crc32    0x08000868       0x58 ./Application/User/Core/main.o
                0x08000868                Crc32
 .text.Error_Handler
                0x080008c0        0xc ./Application/User/Core/main.o
                0x080008c0                Error_Handler
 .text.HAL_MspInit
                0x080008cc       0x48 ./Application/User/Core/stm32g0xx_hal_msp.o
                0x080008cc                HAL_MspInit
 .text.NMI_Handler
                0x08000914        0x8 ./Application/User/Core/stm32g0xx_it.o
                0x08000914                NMI_Handler
 .text.HardFault_Handler
                0x0800091c        0x8 ./Application/User/Core/stm32g0xx_it.o
                0x0800091c                HardFault_Handler
 .text.SVC_Handler
                0x08000924        0xa ./Application/User/Core/stm32g0xx_it.o
                0x08000924                SVC_Handler
 .text.PendSV_Handler
                0x0800092e        0xa ./Application/User/Core/stm32g0xx_it.o
                0x0800092e                PendSV_Handler
 .text.SysTick_Handler
                0x08000938        0xe ./Application/User/Core/stm32g0xx_it.o
                0x08000938                SysTick_Handler
 .text._read    0x08000946       0x3a ./Application/User/Core/syscalls.o
                0x08000946                _read
 .text._write   0x08000980       0x38 ./Application/User/Core/syscalls.o
                0x08000980                _write
 .text._close   0x080009b8       0x14 ./Application/User/Core/syscalls.o
                0x080009b8                _close
 .text._fstat   0x080009cc       0x1c ./Application/User/Core/syscalls.o
                0x080009cc                _fstat
 .text._isatty  0x080009e8       0x12 ./Application/User/Core/syscalls.o
                0x080009e8                _isatty
 .text._lseek   0x080009fa       0x16 ./Application/User/Core/syscalls.o
                0x080009fa                _lseek
 .text._sbrk    0x08000a10       0x6c ./Application/User/Core/sysmem.o
                0x08000a10                _sbrk
 .text.MX_USART2_UART_Init
                0x08000a7c       0x9c ./Application/User/Core/usart.o
                0x08000a7c                MX_USART2_UART_Init
 .text.HAL_UART_MspInit
                0x08000b18       0xc0 ./Application/User/Core/usart.o
                0x08000b18                HAL_UART_MspInit
 .text.Reset_Handler
                0x08000bd8       0x50 ./Application/User/Startup/startup_stm32g071rbtx.o
                0x08000bd8                Reset_Handler
 .text.Default_Handler
                0x08000c28        0x2 ./Application/User/Startup/startup_stm32g071rbtx.o
                0x08000c28                USART3_4_LPUART1_IRQHandler
                0x08000c28                TIM1_CC_IRQHandler
                0x08000c28                ADC1_COMP_IRQHandler
                0x08000c28                PVD_IRQHandler
                0x08000c28                I2C1_IRQHandler
                0x08000c28                TIM7_LPTIM2_IRQHandler
                0x08000c28                RTC_TAMP_IRQHandler
                0x08000c28                SPI1_IRQHandler
                0x08000c28                EXTI2_3_IRQHandler
                0x08000c28                I2C2_IRQHandler
                0x08000c28                TIM17_IRQHandler
                0x08000c28                TIM16_IRQHandler
                0x08000c28                TIM3_IRQHandler
                0x08000c28                EXTI4_15_IRQHandler
                0x08000c28                RCC_IRQHandler
                0x08000c28                DMA1_Channel1_IRQHandler
                0x08000c28                Default_Handler
                0x08000c28                CEC_IRQHandler
                0x08000c28                TIM14_IRQHandler
                0x08000c28                TIM15_IRQHandler
                0x08000c28                EXTI0_1_IRQHandler
                0x08000c28                SPI2_IRQHandler
                0x08000c28                TIM6_DAC_LPTIM1_IRQHandler
                0x08000c28                WWDG_IRQHandler
                0x08000c28                TIM2_IRQHandler
                0x08000c28                DMA1_Ch4_7_DMAMUX1_OVR_IRQHandler
                0x08000c28                DMA1_Channel2_3_IRQHandler
                0x08000c28                UCPD1_2_IRQHandler
                0x08000c28                USART2_IRQHandler
                0x08000c28                FLASH_IRQHandler
                0x08000c28                USART1_IRQHandler
                0x08000c28                TIM1_BRK_UP_TRG_COM_IRQHandler
 .text.SystemInit
                0x08000c2a        0xa ./Drivers/CMSIS/system_stm32g0xx.o
                0x08000c2a                SystemInit
 .text.HAL_Init
                0x08000c34       0x40 ./Drivers/STM32G0xx_HAL_Driver/stm32g0xx_hal.o
                0x08000c34                HAL_Init
 .text.HAL_InitTick
                0x08000c74       0x94 ./Drivers/STM32G0xx_HAL_Driver/stm32g0xx_hal.o
                0x08000c74                HAL_InitTick
 .text.HAL_IncTick
                0x08000d08       0x24 ./Drivers/STM32G0xx_HAL_Driver/stm32g0xx_hal.o
                0x08000d08                HAL_IncTick
 .text.HAL_GetTick
                0x08000d2c       0x14 ./Drivers/STM32G0xx_HAL_Driver/stm32g0xx_hal.o
                0x08000d2c                HAL_GetTick
 .text.__NVIC_SetPriority
                0x08000d40       0xdc ./Drivers/STM32G0xx_HAL_Driver/stm32g0xx_hal_cortex.o
 .text.SysTick_Config
                0x08000e1c       0x48 ./Drivers/STM32G0xx_HAL_Driver/stm32g0xx_hal_cortex.o
 .text.HAL_NVIC_SetPriority
                0x08000e64       0x2a ./Drivers/STM32G0xx_HAL_Driver/stm32g0xx_hal_cortex.o
                0x08000e64                HAL_NVIC_SetPriority
 .text.HAL_SYSTICK_Config
                0x08000e8e       0x1a ./Drivers/STM32G0xx_HAL_Driver/stm32g0xx_hal_cortex.o
                0x08000e8e                HAL_SYSTICK_Config
 .text.HAL_CRC_Init
                0x08000ea8       0xcc ./Drivers/STM32G0xx_HAL_Driver/stm32g0xx_hal_crc.o
                0x08000ea8                HAL_CRC_Init
 .text.HAL_CRC_Calculate
                0x08000f74       0x9e ./Drivers/STM32G0xx_HAL_Driver/stm32g0xx_hal_crc.o
                0x08000f74                HAL_CRC_Calculate
 .text.CRC_Handle_8
                0x08001012      0x126 ./Drivers/STM32G0xx_HAL_Driver/stm32g0xx_hal_crc.o
 .text.CRC_Handle_16
                0x08001138       0x6e ./Drivers/STM32G0xx_HAL_Driver/stm32g0xx_hal_crc.o
 .text.HAL_CRCEx_Polynomial_Set
                0x080011a6       0xea ./Drivers/STM32G0xx_HAL_Driver/stm32g0xx_hal_crc_ex.o
                0x080011a6                HAL_CRCEx_Polynomial_Set
 .text.HAL_GPIO_Init
                0x08001290      0x2c8 ./Drivers/STM32G0xx_HAL_Driver/stm32g0xx_hal_gpio.o
                0x08001290                HAL_GPIO_Init
 .text.HAL_PWREx_ControlVoltageScaling
                0x08001558       0x80 ./Drivers/STM32G0xx_HAL_Driver/stm32g0xx_hal_pwr_ex.o
                0x08001558                HAL_PWREx_ControlVoltageScaling
 .text.LL_RCC_GetAPB1Prescaler
                0x080015d8       0x18 ./Drivers/STM32G0xx_HAL_Driver/stm32g0xx_hal_rcc.o
 .text.HAL_RCC_OscConfig
                0x080015f0      0x634 ./Drivers/STM32G0xx_HAL_Driver/stm32g0xx_hal_rcc.o
                0x080015f0                HAL_RCC_OscConfig
 .text.HAL_RCC_ClockConfig
                0x08001c24      0x210 ./Drivers/STM32G0xx_HAL_Driver/stm32g0xx_hal_rcc.o
                0x08001c24                HAL_RCC_ClockConfig
 .text.HAL_RCC_GetSysClockFreq
                0x08001e34      0x104 ./Drivers/STM32G0xx_HAL_Driver/stm32g0xx_hal_rcc.o
                0x08001e34                HAL_RCC_GetSysClockFreq
 .text.HAL_RCC_GetHCLKFreq
                0x08001f38       0x14 ./Drivers/STM32G0xx_HAL_Driver/stm32g0xx_hal_rcc.o
                0x08001f38                HAL_RCC_GetHCLKFreq
 .text.HAL_RCC_GetPCLK1Freq
                0x08001f4c       0x2c ./Drivers/STM32G0xx_HAL_Driver/stm32g0xx_hal_rcc.o
                0x08001f4c                HAL_RCC_GetPCLK1Freq
 .text.HAL_RCCEx_PeriphCLKConfig
                0x08001f78      0x370 ./Drivers/STM32G0xx_HAL_Driver/stm32g0xx_hal_rcc_ex.o
                0x08001f78                HAL_RCCEx_PeriphCLKConfig
 .text.HAL_UART_Init
                0x080022e8       0xac ./Drivers/STM32G0xx_HAL_Driver/stm32g0xx_hal_uart.o
                0x080022e8                HAL_UART_Init
 .text.HAL_UART_Transmit
                0x08002394      0x148 ./Drivers/STM32G0xx_HAL_Driver/stm32g0xx_hal_uart.o
                0x08002394                HAL_UART_Transmit
 .text.UART_SetConfig
                0x080024dc      0x57c ./Drivers/STM32G0xx_HAL_Driver/stm32g0xx_hal_uart.o
                0x080024dc                UART_SetConfig
 .text.UART_AdvFeatureConfig
                0x08002a58      0x168 ./Drivers/STM32G0xx_HAL_Driver/stm32g0xx_hal_uart.o
                0x08002a58                UART_AdvFeatureConfig
 .text.UART_CheckIdleState
                0x08002bc0      0x154 ./Drivers/STM32G0xx_HAL_Driver/stm32g0xx_hal_uart.o
                0x08002bc0                UART_CheckIdleState
 .text.UART_WaitOnFlagUntilTimeout
                0x08002d14       0xde ./Drivers/STM32G0xx_HAL_Driver/stm32g0xx_hal_uart.o
                0x08002d14                UART_WaitOnFlagUntilTimeout
 *fill*         0x08002df2        0x2 
 .text.UART_EndRxTransfer
                0x08002df4       0xcc ./Drivers/STM32G0xx_HAL_Driver/stm32g0xx_hal_uart.o
 .text.HAL_UARTEx_DisableFifoMode
                0x08002ec0       0x74 ./Drivers/STM32G0xx_HAL_Driver/stm32g0xx_hal_uart_ex.o
                0x08002ec0                HAL_UARTEx_DisableFifoMode
 .text.HAL_UARTEx_SetTxFifoThreshold
                0x08002f34       0x7e ./Drivers/STM32G0xx_HAL_Driver/stm32g0xx_hal_uart_ex.o
                0x08002f34                HAL_UARTEx_SetTxFifoThreshold
 *fill*         0x08002fb2        0x2 
 .text.HAL_UARTEx_SetRxFifoThreshold
                0x08002fb4       0x84 ./Drivers/STM32G0xx_HAL_Driver/stm32g0xx_hal_uart_ex.o
                0x08002fb4                HAL_UARTEx_SetRxFifoThreshold
 .text.UARTEx_SetNbDataToProcess
                0x08003038       0xbc ./Drivers/STM32G0xx_HAL_Driver/stm32g0xx_hal_uart_ex.o
 .text.std      0x080030f4       0x6c C:/ST/STM32CubeIDE_1.19.0/STM32CubeIDE/plugins/com.st.stm32cube.ide.mcu.externaltools.gnu-tools-for-stm32.13.3.rel1.win32_1.0.0.202411081344/tools/bin/../lib/gcc/arm-none-eabi/13.3.1/../../../../arm-none-eabi/lib/thumb/v6-m/nofp\libc_nano.a(libc_a-findfp.o)
 .text.stdio_exit_handler
                0x08003160       0x1c C:/ST/STM32CubeIDE_1.19.0/STM32CubeIDE/plugins/com.st.stm32cube.ide.mcu.externaltools.gnu-tools-for-stm32.13.3.rel1.win32_1.0.0.202411081344/tools/bin/../lib/gcc/arm-none-eabi/13.3.1/../../../../arm-none-eabi/lib/thumb/v6-m/nofp\libc_nano.a(libc_a-findfp.o)
 .text.cleanup_stdio
                0x0800317c       0x3c C:/ST/STM32CubeIDE_1.19.0/STM32CubeIDE/plugins/com.st.stm32cube.ide.mcu.externaltools.gnu-tools-for-stm32.13.3.rel1.win32_1.0.0.202411081344/tools/bin/../lib/gcc/arm-none-eabi/13.3.1/../../../../arm-none-eabi/lib/thumb/v6-m/nofp\libc_nano.a(libc_a-findfp.o)
 .text.global_stdio_init.part.0
                0x080031b8       0x3c C:/ST/STM32CubeIDE_1.19.0/STM32CubeIDE/plugins/com.st.stm32cube.ide.mcu.externaltools.gnu-tools-for-stm32.13.3.rel1.win32_1.0.0.202411081344/tools/bin/../lib/gcc/arm-none-eabi/13.3.1/../../../../arm-none-eabi/lib/thumb/v6-m/nofp\libc_nano.a(libc_a-findfp.o)
 .text.__sfp_lock_acquire
                0x080031f4       0x10 C:/ST/STM32CubeIDE_1.19.0/STM32CubeIDE/plugins/com.st.stm32cube.ide.mcu.externaltools.gnu-tools-for-stm32.13.3.rel1.win32_1.0.0.202411081344/tools/bin/../lib/gcc/arm-none-eabi/13.3.1/../../../../arm-none-eabi/lib/thumb/v6-m/nofp\libc_nano.a(libc_a-findfp.o)
                0x080031f4                __sfp_lock_acquire
 .text.__sfp_lock_release
                0x08003204       0x10 C:/ST/STM32CubeIDE_1.19.0/STM32CubeIDE/plugins/com.st.stm32cube.ide.mcu.externaltools.gnu-tools-for-stm32.13.3.rel1.win32_1.0.0.202411081344/tools/bin/../lib/gcc/arm-none-eabi/13.3.1/../../../../arm-none-eabi/lib/thumb/v6-m/nofp\libc_nano.a(libc_a-findfp.o)
                0x08003204                __sfp_lock_release
 .text.__sinit  0x08003214       0x30 C:/ST/STM32CubeIDE_1.19.0/STM32CubeIDE/plugins/com.st.stm32cube.ide.mcu.externaltools.gnu-tools-for-stm32.13.3.rel1.win32_1.0.0.202411081344/tools/bin/../lib/gcc/arm-none-eabi/13.3.1/../../../../arm-none-eabi/lib/thumb/v6-m/nofp\libc_nano.a(libc_a-findfp.o)
                0x08003214                __sinit
 .text._fwalk_sglue
                0x08003244       0x38 C:/ST/STM32CubeIDE_1.19.0/STM32CubeIDE/plugins/com.st.stm32cube.ide.mcu.externaltools.gnu-tools-for-stm32.13.3.rel1.win32_1.0.0.202411081344/tools/bin/../lib/gcc/arm-none-eabi/13.3.1/../../../../arm-none-eabi/lib/thumb/v6-m/nofp\libc_nano.a(libc_a-fwalk.o)
                0x08003244                _fwalk_sglue
 .text.printf   0x0800327c       0x20 C:/ST/STM32CubeIDE_1.19.0/STM32CubeIDE/plugins/com.st.stm32cube.ide.mcu.externaltools.gnu-tools-for-stm32.13.3.rel1.win32_1.0.0.202411081344/tools/bin/../lib/gcc/arm-none-eabi/13.3.1/../../../../arm-none-eabi/lib/thumb/v6-m/nofp\libc_nano.a(libc_a-printf.o)
                0x0800327c                iprintf
                0x0800327c                printf
 .text.__sread  0x0800329c       0x28 C:/ST/STM32CubeIDE_1.19.0/STM32CubeIDE/plugins/com.st.stm32cube.ide.mcu.externaltools.gnu-tools-for-stm32.13.3.rel1.win32_1.0.0.202411081344/tools/bin/../lib/gcc/arm-none-eabi/13.3.1/../../../../arm-none-eabi/lib/thumb/v6-m/nofp\libc_nano.a(libc_a-stdio.o)
                0x0800329c                __sread
 .text.__swrite
                0x080032c4       0x38 C:/ST/STM32CubeIDE_1.19.0/STM32CubeIDE/plugins/com.st.stm32cube.ide.mcu.externaltools.gnu-tools-for-stm32.13.3.rel1.win32_1.0.0.202411081344/tools/bin/../lib/gcc/arm-none-eabi/13.3.1/../../../../arm-none-eabi/lib/thumb/v6-m/nofp\libc_nano.a(libc_a-stdio.o)
                0x080032c4                __swrite
 .text.__sseek  0x080032fc       0x2c C:/ST/STM32CubeIDE_1.19.0/STM32CubeIDE/plugins/com.st.stm32cube.ide.mcu.externaltools.gnu-tools-for-stm32.13.3.rel1.win32_1.0.0.202411081344/tools/bin/../lib/gcc/arm-none-eabi/13.3.1/../../../../arm-none-eabi/lib/thumb/v6-m/nofp\libc_nano.a(libc_a-stdio.o)
                0x080032fc                __sseek
 .text.__sclose
                0x08003328        0xc C:/ST/STM32CubeIDE_1.19.0/STM32CubeIDE/plugins/com.st.stm32cube.ide.mcu.externaltools.gnu-tools-for-stm32.13.3.rel1.win32_1.0.0.202411081344/tools/bin/../lib/gcc/arm-none-eabi/13.3.1/../../../../arm-none-eabi/lib/thumb/v6-m/nofp\libc_nano.a(libc_a-stdio.o)
                0x08003328                __sclose
 .text.memset   0x08003334       0x10 C:/ST/STM32CubeIDE_1.19.0/STM32CubeIDE/plugins/com.st.stm32cube.ide.mcu.externaltools.gnu-tools-for-stm32.13.3.rel1.win32_1.0.0.202411081344/tools/bin/../lib/gcc/arm-none-eabi/13.3.1/../../../../arm-none-eabi/lib/thumb/v6-m/nofp\libc_nano.a(libc_a-memset.o)
                0x08003334                memset
 .text._close_r
                0x08003344       0x24 C:/ST/STM32CubeIDE_1.19.0/STM32CubeIDE/plugins/com.st.stm32cube.ide.mcu.externaltools.gnu-tools-for-stm32.13.3.rel1.win32_1.0.0.202411081344/tools/bin/../lib/gcc/arm-none-eabi/13.3.1/../../../../arm-none-eabi/lib/thumb/v6-m/nofp\libc_nano.a(libc_a-closer.o)
                0x08003344                _close_r
 .text._lseek_r
                0x08003368       0x28 C:/ST/STM32CubeIDE_1.19.0/STM32CubeIDE/plugins/com.st.stm32cube.ide.mcu.externaltools.gnu-tools-for-stm32.13.3.rel1.win32_1.0.0.202411081344/tools/bin/../lib/gcc/arm-none-eabi/13.3.1/../../../../arm-none-eabi/lib/thumb/v6-m/nofp\libc_nano.a(libc_a-lseekr.o)
                0x08003368                _lseek_r
 .text._read_r  0x08003390       0x28 C:/ST/STM32CubeIDE_1.19.0/STM32CubeIDE/plugins/com.st.stm32cube.ide.mcu.externaltools.gnu-tools-for-stm32.13.3.rel1.win32_1.0.0.202411081344/tools/bin/../lib/gcc/arm-none-eabi/13.3.1/../../../../arm-none-eabi/lib/thumb/v6-m/nofp\libc_nano.a(libc_a-readr.o)
                0x08003390                _read_r
 .text._write_r
                0x080033b8       0x28 C:/ST/STM32CubeIDE_1.19.0/STM32CubeIDE/plugins/com.st.stm32cube.ide.mcu.externaltools.gnu-tools-for-stm32.13.3.rel1.win32_1.0.0.202411081344/tools/bin/../lib/gcc/arm-none-eabi/13.3.1/../../../../arm-none-eabi/lib/thumb/v6-m/nofp\libc_nano.a(libc_a-writer.o)
                0x080033b8                _write_r
 .text.__errno  0x080033e0        0xc C:/ST/STM32CubeIDE_1.19.0/STM32CubeIDE/plugins/com.st.stm32cube.ide.mcu.externaltools.gnu-tools-for-stm32.13.3.rel1.win32_1.0.0.202411081344/tools/bin/../lib/gcc/arm-none-eabi/13.3.1/../../../../arm-none-eabi/lib/thumb/v6-m/nofp\libc_nano.a(libc_a-errno.o)
                0x080033e0                __errno
 .text.__libc_init_array
                0x080033ec       0x48 C:/ST/STM32CubeIDE_1.19.0/STM32CubeIDE/plugins/com.st.stm32cube.ide.mcu.externaltools.gnu-tools-for-stm32.13.3.rel1.win32_1.0.0.202411081344/tools/bin/../lib/gcc/arm-none-eabi/13.3.1/../../../../arm-none-eabi/lib/thumb/v6-m/nofp\libc_nano.a(libc_a-init.o)
                0x080033ec                __libc_init_array
 .text.__retarget_lock_init_recursive
                0x08003434        0x2 C:/ST/STM32CubeIDE_1.19.0/STM32CubeIDE/plugins/com.st.stm32cube.ide.mcu.externaltools.gnu-tools-for-stm32.13.3.rel1.win32_1.0.0.202411081344/tools/bin/../lib/gcc/arm-none-eabi/13.3.1/../../../../arm-none-eabi/lib/thumb/v6-m/nofp\libc_nano.a(libc_a-lock.o)
                0x08003434                __retarget_lock_init_recursive
 .text.__retarget_lock_acquire_recursive
                0x08003436        0x2 C:/ST/STM32CubeIDE_1.19.0/STM32CubeIDE/plugins/com.st.stm32cube.ide.mcu.externaltools.gnu-tools-for-stm32.13.3.rel1.win32_1.0.0.202411081344/tools/bin/../lib/gcc/arm-none-eabi/13.3.1/../../../../arm-none-eabi/lib/thumb/v6-m/nofp\libc_nano.a(libc_a-lock.o)
                0x08003436                __retarget_lock_acquire_recursive
 .text.__retarget_lock_release_recursive
                0x08003438        0x2 C:/ST/STM32CubeIDE_1.19.0/STM32CubeIDE/plugins/com.st.stm32cube.ide.mcu.externaltools.gnu-tools-for-stm32.13.3.rel1.win32_1.0.0.202411081344/tools/bin/../lib/gcc/arm-none-eabi/13.3.1/../../../../arm-none-eabi/lib/thumb/v6-m/nofp\libc_nano.a(libc_a-lock.o)
                0x08003438                __retarget_lock_release_recursive
 *fill*         0x0800343a        0x2 
 .text._free_r  0x0800343c       0x94 C:/ST/STM32CubeIDE_1.19.0/STM32CubeIDE/plugins/com.st.stm32cube.ide.mcu.externaltools.gnu-tools-for-stm32.13.3.rel1.win32_1.0.0.202411081344/tools/bin/../lib/gcc/arm-none-eabi/13.3.1/../../../../arm-none-eabi/lib/thumb/v6-m/nofp\libc_nano.a(libc_a-freer.o)
                0x0800343c                _free_r
 .text.sbrk_aligned
                0x080034d0       0x44 C:/ST/STM32CubeIDE_1.19.0/STM32CubeIDE/plugins/com.st.stm32cube.ide.mcu.externaltools.gnu-tools-for-stm32.13.3.rel1.win32_1.0.0.202411081344/tools/bin/../lib/gcc/arm-none-eabi/13.3.1/../../../../arm-none-eabi/lib/thumb/v6-m/nofp\libc_nano.a(libc_a-mallocr.o)
 .text._malloc_r
                0x08003514      0x100 C:/ST/STM32CubeIDE_1.19.0/STM32CubeIDE/plugins/com.st.stm32cube.ide.mcu.externaltools.gnu-tools-for-stm32.13.3.rel1.win32_1.0.0.202411081344/tools/bin/../lib/gcc/arm-none-eabi/13.3.1/../../../../arm-none-eabi/lib/thumb/v6-m/nofp\libc_nano.a(libc_a-mallocr.o)
                0x08003514                _malloc_r
 .text.__malloc_lock
                0x08003614       0x10 C:/ST/STM32CubeIDE_1.19.0/STM32CubeIDE/plugins/com.st.stm32cube.ide.mcu.externaltools.gnu-tools-for-stm32.13.3.rel1.win32_1.0.0.202411081344/tools/bin/../lib/gcc/arm-none-eabi/13.3.1/../../../../arm-none-eabi/lib/thumb/v6-m/nofp\libc_nano.a(libc_a-mlock.o)
                0x08003614                __malloc_lock
 .text.__malloc_unlock
                0x08003624       0x10 C:/ST/STM32CubeIDE_1.19.0/STM32CubeIDE/plugins/com.st.stm32cube.ide.mcu.externaltools.gnu-tools-for-stm32.13.3.rel1.win32_1.0.0.202411081344/tools/bin/../lib/gcc/arm-none-eabi/13.3.1/../../../../arm-none-eabi/lib/thumb/v6-m/nofp\libc_nano.a(libc_a-mlock.o)
                0x08003624                __malloc_unlock
 .text.__sfputc_r
                0x08003634       0x2a C:/ST/STM32CubeIDE_1.19.0/STM32CubeIDE/plugins/com.st.stm32cube.ide.mcu.externaltools.gnu-tools-for-stm32.13.3.rel1.win32_1.0.0.202411081344/tools/bin/../lib/gcc/arm-none-eabi/13.3.1/../../../../arm-none-eabi/lib/thumb/v6-m/nofp\libc_nano.a(libc_a-nano-vfprintf.o)
 .text.__sfputs_r
                0x0800365e       0x24 C:/ST/STM32CubeIDE_1.19.0/STM32CubeIDE/plugins/com.st.stm32cube.ide.mcu.externaltools.gnu-tools-for-stm32.13.3.rel1.win32_1.0.0.202411081344/tools/bin/../lib/gcc/arm-none-eabi/13.3.1/../../../../arm-none-eabi/lib/thumb/v6-m/nofp\libc_nano.a(libc_a-nano-vfprintf.o)
                0x0800365e                __sfputs_r
 *fill*         0x08003682        0x2 
 .text._vfprintf_r
                0x08003684      0x238 C:/ST/STM32CubeIDE_1.19.0/STM32CubeIDE/plugins/com.st.stm32cube.ide.mcu.externaltools.gnu-tools-for-stm32.13.3.rel1.win32_1.0.0.202411081344/tools/bin/../lib/gcc/arm-none-eabi/13.3.1/../../../../arm-none-eabi/lib/thumb/v6-m/nofp\libc_nano.a(libc_a-nano-vfprintf.o)
                0x08003684                _vfprintf_r
                0x08003684                _vfiprintf_r
 .text._printf_common
                0x080038bc       0xde C:/ST/STM32CubeIDE_1.19.0/STM32CubeIDE/plugins/com.st.stm32cube.ide.mcu.externaltools.gnu-tools-for-stm32.13.3.rel1.win32_1.0.0.202411081344/tools/bin/../lib/gcc/arm-none-eabi/13.3.1/../../../../arm-none-eabi/lib/thumb/v6-m/nofp\libc_nano.a(libc_a-nano-vfprintf_i.o)
                0x080038bc                _printf_common
 *fill*         0x0800399a        0x2 
 .text._printf_i
                0x0800399c      0x218 C:/ST/STM32CubeIDE_1.19.0/STM32CubeIDE/plugins/com.st.stm32cube.ide.mcu.externaltools.gnu-tools-for-stm32.13.3.rel1.win32_1.0.0.202411081344/tools/bin/../lib/gcc/arm-none-eabi/13.3.1/../../../../arm-none-eabi/lib/thumb/v6-m/nofp\libc_nano.a(libc_a-nano-vfprintf_i.o)
                0x0800399c                _printf_i
 .text.__sflush_r
                0x08003bb4      0x10c C:/ST/STM32CubeIDE_1.19.0/STM32CubeIDE/plugins/com.st.stm32cube.ide.mcu.externaltools.gnu-tools-for-stm32.13.3.rel1.win32_1.0.0.202411081344/tools/bin/../lib/gcc/arm-none-eabi/13.3.1/../../../../arm-none-eabi/lib/thumb/v6-m/nofp\libc_nano.a(libc_a-fflush.o)
                0x08003bb4                __sflush_r
 .text._fflush_r
                0x08003cc0       0x56 C:/ST/STM32CubeIDE_1.19.0/STM32CubeIDE/plugins/com.st.stm32cube.ide.mcu.externaltools.gnu-tools-for-stm32.13.3.rel1.win32_1.0.0.202411081344/tools/bin/../lib/gcc/arm-none-eabi/13.3.1/../../../../arm-none-eabi/lib/thumb/v6-m/nofp\libc_nano.a(libc_a-fflush.o)
                0x08003cc0                _fflush_r
 .text.__swbuf_r
                0x08003d16       0x84 C:/ST/STM32CubeIDE_1.19.0/STM32CubeIDE/plugins/com.st.stm32cube.ide.mcu.externaltools.gnu-tools-for-stm32.13.3.rel1.win32_1.0.0.202411081344/tools/bin/../lib/gcc/arm-none-eabi/13.3.1/../../../../arm-none-eabi/lib/thumb/v6-m/nofp\libc_nano.a(libc_a-wbuf.o)
                0x08003d16                __swbuf_r
 *fill*         0x08003d9a        0x2 
 .text.__swsetup_r
                0x08003d9c       0xbc C:/ST/STM32CubeIDE_1.19.0/STM32CubeIDE/plugins/com.st.stm32cube.ide.mcu.externaltools.gnu-tools-for-stm32.13.3.rel1.win32_1.0.0.202411081344/tools/bin/../lib/gcc/arm-none-eabi/13.3.1/../../../../arm-none-eabi/lib/thumb/v6-m/nofp\libc_nano.a(libc_a-wsetup.o)
                0x08003d9c                __swsetup_r
 .text._sbrk_r  0x08003e58       0x24 C:/ST/STM32CubeIDE_1.19.0/STM32CubeIDE/plugins/com.st.stm32cube.ide.mcu.externaltools.gnu-tools-for-stm32.13.3.rel1.win32_1.0.0.202411081344/tools/bin/../lib/gcc/arm-none-eabi/13.3.1/../../../../arm-none-eabi/lib/thumb/v6-m/nofp\libc_nano.a(libc_a-sbrkr.o)
                0x08003e58                _sbrk_r
 .text.memchr   0x08003e7c       0x16 C:/ST/STM32CubeIDE_1.19.0/STM32CubeIDE/plugins/com.st.stm32cube.ide.mcu.externaltools.gnu-tools-for-stm32.13.3.rel1.win32_1.0.0.202411081344/tools/bin/../lib/gcc/arm-none-eabi/13.3.1/../../../../arm-none-eabi/lib/thumb/v6-m/nofp\libc_nano.a(libc_a-memchr-stub.o)
                0x08003e7c                memchr
 *fill*         0x08003e92        0x2 
 .text.__swhatbuf_r
                0x08003e94       0x54 C:/ST/STM32CubeIDE_1.19.0/STM32CubeIDE/plugins/com.st.stm32cube.ide.mcu.externaltools.gnu-tools-for-stm32.13.3.rel1.win32_1.0.0.202411081344/tools/bin/../lib/gcc/arm-none-eabi/13.3.1/../../../../arm-none-eabi/lib/thumb/v6-m/nofp\libc_nano.a(libc_a-makebuf.o)
                0x08003e94                __swhatbuf_r
 .text.__smakebuf_r
                0x08003ee8       0x82 C:/ST/STM32CubeIDE_1.19.0/STM32CubeIDE/plugins/com.st.stm32cube.ide.mcu.externaltools.gnu-tools-for-stm32.13.3.rel1.win32_1.0.0.202411081344/tools/bin/../lib/gcc/arm-none-eabi/13.3.1/../../../../arm-none-eabi/lib/thumb/v6-m/nofp\libc_nano.a(libc_a-makebuf.o)
                0x08003ee8                __smakebuf_r
 *fill*         0x08003f6a        0x2 
 .text._fstat_r
                0x08003f6c       0x24 C:/ST/STM32CubeIDE_1.19.0/STM32CubeIDE/plugins/com.st.stm32cube.ide.mcu.externaltools.gnu-tools-for-stm32.13.3.rel1.win32_1.0.0.202411081344/tools/bin/../lib/gcc/arm-none-eabi/13.3.1/../../../../arm-none-eabi/lib/thumb/v6-m/nofp\libc_nano.a(libc_a-fstatr.o)
                0x08003f6c                _fstat_r
 .text._isatty_r
                0x08003f90       0x24 C:/ST/STM32CubeIDE_1.19.0/STM32CubeIDE/plugins/com.st.stm32cube.ide.mcu.externaltools.gnu-tools-for-stm32.13.3.rel1.win32_1.0.0.202411081344/tools/bin/../lib/gcc/arm-none-eabi/13.3.1/../../../../arm-none-eabi/lib/thumb/v6-m/nofp\libc_nano.a(libc_a-isattyr.o)
                0x08003f90                _isatty_r
 *(.glue_7)
 .glue_7        0x08003fb4        0x0 linker stubs
 *(.glue_7t)
 .glue_7t       0x08003fb4        0x0 linker stubs
 *(.eh_frame)
 .eh_frame      0x08003fb4        0x0 C:/ST/STM32CubeIDE_1.19.0/STM32CubeIDE/plugins/com.st.stm32cube.ide.mcu.externaltools.gnu-tools-for-stm32.13.3.rel1.win32_1.0.0.202411081344/tools/bin/../lib/gcc/arm-none-eabi/13.3.1/thumb/v6-m/nofp/crtbegin.o
 *(.init)
 .init          0x08003fb4        0x4 C:/ST/STM32CubeIDE_1.19.0/STM32CubeIDE/plugins/com.st.stm32cube.ide.mcu.externaltools.gnu-tools-for-stm32.13.3.rel1.win32_1.0.0.202411081344/tools/bin/../lib/gcc/arm-none-eabi/13.3.1/thumb/v6-m/nofp/crti.o
                0x08003fb4                _init
 .init          0x08003fb8        0x8 C:/ST/STM32CubeIDE_1.19.0/STM32CubeIDE/plugins/com.st.stm32cube.ide.mcu.externaltools.gnu-tools-for-stm32.13.3.rel1.win32_1.0.0.202411081344/tools/bin/../lib/gcc/arm-none-eabi/13.3.1/thumb/v6-m/nofp/crtn.o
 *(.fini)
 .fini          0x08003fc0        0x4 C:/ST/STM32CubeIDE_1.19.0/STM32CubeIDE/plugins/com.st.stm32cube.ide.mcu.externaltools.gnu-tools-for-stm32.13.3.rel1.win32_1.0.0.202411081344/tools/bin/../lib/gcc/arm-none-eabi/13.3.1/thumb/v6-m/nofp/crti.o
                0x08003fc0                _fini
 .fini          0x08003fc4        0x8 C:/ST/STM32CubeIDE_1.19.0/STM32CubeIDE/plugins/com.st.stm32cube.ide.mcu.externaltools.gnu-tools-for-stm32.13.3.rel1.win32_1.0.0.202411081344/tools/bin/../lib/gcc/arm-none-eabi/13.3.1/thumb/v6-m/nofp/crtn.o
                0x08003fcc                        . = ALIGN (0x4)
                0x08003fcc                        _etext = .

.vfp11_veneer   0x08003fcc        0x0
 .vfp11_veneer  0x08003fcc        0x0 linker stubs

.v4_bx          0x08003fcc        0x0
 .v4_bx         0x08003fcc        0x0 linker stubs

.iplt           0x08003fcc        0x0
 .iplt          0x08003fcc        0x0 C:/ST/STM32CubeIDE_1.19.0/STM32CubeIDE/plugins/com.st.stm32cube.ide.mcu.externaltools.gnu-tools-for-stm32.13.3.rel1.win32_1.0.0.202411081344/tools/bin/../lib/gcc/arm-none-eabi/13.3.1/thumb/v6-m/nofp/crtbegin.o

.rodata         0x08003fcc      0x184
                0x08003fcc                        . = ALIGN (0x4)
 *(.rodata)
 .rodata        0x08003fcc       0xc6 ./Application/User/Core/main.o
 *(.rodata*)
 *fill*         0x08004092        0x2 
 .rodata.AHBPrescTable
                0x08004094       0x40 ./Drivers/CMSIS/system_stm32g0xx.o
                0x08004094                AHBPrescTable
 .rodata.APBPrescTable
                0x080040d4       0x20 ./Drivers/CMSIS/system_stm32g0xx.o
                0x080040d4                APBPrescTable
 .rodata.UARTPrescTable
                0x080040f4       0x18 ./Drivers/STM32G0xx_HAL_Driver/stm32g0xx_hal_uart.o
                0x080040f4                UARTPrescTable
 .rodata.numerator.1
                0x0800410c        0x8 ./Drivers/STM32G0xx_HAL_Driver/stm32g0xx_hal_uart_ex.o
 .rodata.denominator.0
                0x08004114        0x8 ./Drivers/STM32G0xx_HAL_Driver/stm32g0xx_hal_uart_ex.o
 .rodata._vfprintf_r.str1.1
                0x0800411c       0x33 C:/ST/STM32CubeIDE_1.19.0/STM32CubeIDE/plugins/com.st.stm32cube.ide.mcu.externaltools.gnu-tools-for-stm32.13.3.rel1.win32_1.0.0.202411081344/tools/bin/../lib/gcc/arm-none-eabi/13.3.1/../../../../arm-none-eabi/lib/thumb/v6-m/nofp\libc_nano.a(libc_a-nano-vfprintf.o)
                                 0x11 (size before relaxing)
 .rodata._printf_i.str1.1
                0x0800414f       0x22 C:/ST/STM32CubeIDE_1.19.0/STM32CubeIDE/plugins/com.st.stm32cube.ide.mcu.externaltools.gnu-tools-for-stm32.13.3.rel1.win32_1.0.0.202411081344/tools/bin/../lib/gcc/arm-none-eabi/13.3.1/../../../../arm-none-eabi/lib/thumb/v6-m/nofp\libc_nano.a(libc_a-nano-vfprintf_i.o)
                0x08004174                        . = ALIGN (0x4)
 *fill*         0x0800414f        0x1 

.ARM.extab      0x08004150        0x0
                0x08004150                        . = ALIGN (0x4)
 *(.ARM.extab* .gnu.linkonce.armextab.*)
                0x08004150                        . = ALIGN (0x4)

.ARM            0x08004150        0x8
                0x08004150                        . = ALIGN (0x4)
                0x08004150                        __exidx_start = .
 *(.ARM.exidx*)
 .ARM.exidx     0x08004150        0x8 C:/ST/STM32CubeIDE_1.19.0/STM32CubeIDE/plugins/com.st.stm32cube.ide.mcu.externaltools.gnu-tools-for-stm32.13.3.rel1.win32_1.0.0.202411081344/tools/bin/../lib/gcc/arm-none-eabi/13.3.1/thumb/v6-m/nofp\libgcc.a(_udivmoddi4.o)
                0x08004158                        __exidx_end = .
                0x08004158                        . = ALIGN (0x4)

.preinit_array  0x08004158        0x0
                0x08004158                        . = ALIGN (0x4)
                0x08004158                        PROVIDE (__preinit_array_start = .)
 *(.preinit_array*)
                0x08004158                        PROVIDE (__preinit_array_end = .)
                0x08004158                        . = ALIGN (0x4)

.init_array     0x08004158        0x4
                0x08004158                        . = ALIGN (0x4)
                0x08004158                        PROVIDE (__init_array_start = .)
 *(SORT_BY_NAME(.init_array.*))
 *(.init_array*)
 .init_array    0x08004158        0x4 C:/ST/STM32CubeIDE_1.19.0/STM32CubeIDE/plugins/com.st.stm32cube.ide.mcu.externaltools.gnu-tools-for-stm32.13.3.rel1.win32_1.0.0.202411081344/tools/bin/../lib/gcc/arm-none-eabi/13.3.1/thumb/v6-m/nofp/crtbegin.o
                0x0800415c                        PROVIDE (__init_array_end = .)
                0x0800415c                        . = ALIGN (0x4)

.fini_array     0x0800415c        0x4
                0x0800415c                        . = ALIGN (0x4)
                [!provide]                        PROVIDE (__fini_array_start = .)
 *(SORT_BY_NAME(.fini_array.*))
 *(.fini_array*)
 .fini_array    0x0800415c        0x4 C:/ST/STM32CubeIDE_1.19.0/STM32CubeIDE/plugins/com.st.stm32cube.ide.mcu.externaltools.gnu-tools-for-stm32.13.3.rel1.win32_1.0.0.202411081344/tools/bin/../lib/gcc/arm-none-eabi/13.3.1/thumb/v6-m/nofp/crtbegin.o
                [!provide]                        PROVIDE (__fini_array_end = .)
                0x08004160                        . = ALIGN (0x4)
                0x08004160                        _sidata = LOADADDR (.data)

.rel.dyn        0x08004160        0x0
 .rel.iplt      0x08004160        0x0 C:/ST/STM32CubeIDE_1.19.0/STM32CubeIDE/plugins/com.st.stm32cube.ide.mcu.externaltools.gnu-tools-for-stm32.13.3.rel1.win32_1.0.0.202411081344/tools/bin/../lib/gcc/arm-none-eabi/13.3.1/thumb/v6-m/nofp/crtbegin.o

.data           0x20000000       0x80 load address 0x08004160
                0x20000000                        . = ALIGN (0x4)
                0x20000000                        _sdata = .
 *(.data)
 *(.data*)
 .data.data     0x20000000       0x14 ./Application/User/Core/main.o
                0x20000000                data
 .data.u32CRCValueSoft
                0x20000014        0x4 ./Application/User/Core/main.o
                0x20000014                u32CRCValueSoft
 .data.SystemCoreClock
                0x20000018        0x4 ./Drivers/CMSIS/system_stm32g0xx.o
                0x20000018                SystemCoreClock
 .data.uwTickPrio
                0x2000001c        0x4 ./Drivers/STM32G0xx_HAL_Driver/stm32g0xx_hal.o
                0x2000001c                uwTickPrio
 .data.uwTickFreq
                0x20000020        0x1 ./Drivers/STM32G0xx_HAL_Driver/stm32g0xx_hal.o
                0x20000020                uwTickFreq
 *fill*         0x20000021        0x3 
 .data.__sglue  0x20000024        0xc C:/ST/STM32CubeIDE_1.19.0/STM32CubeIDE/plugins/com.st.stm32cube.ide.mcu.externaltools.gnu-tools-for-stm32.13.3.rel1.win32_1.0.0.202411081344/tools/bin/../lib/gcc/arm-none-eabi/13.3.1/../../../../arm-none-eabi/lib/thumb/v6-m/nofp\libc_nano.a(libc_a-findfp.o)
                0x20000024                __sglue
 .data._impure_ptr
                0x20000030        0x4 C:/ST/STM32CubeIDE_1.19.0/STM32CubeIDE/plugins/com.st.stm32cube.ide.mcu.externaltools.gnu-tools-for-stm32.13.3.rel1.win32_1.0.0.202411081344/tools/bin/../lib/gcc/arm-none-eabi/13.3.1/../../../../arm-none-eabi/lib/thumb/v6-m/nofp\libc_nano.a(libc_a-impure.o)
                0x20000030                _impure_ptr
 .data._impure_data
                0x20000034       0x4c C:/ST/STM32CubeIDE_1.19.0/STM32CubeIDE/plugins/com.st.stm32cube.ide.mcu.externaltools.gnu-tools-for-stm32.13.3.rel1.win32_1.0.0.202411081344/tools/bin/../lib/gcc/arm-none-eabi/13.3.1/../../../../arm-none-eabi/lib/thumb/v6-m/nofp\libc_nano.a(libc_a-impure.o)
                0x20000034                _impure_data
 *(.RamFunc)
 *(.RamFunc*)
                0x20000080                        . = ALIGN (0x4)
                0x20000080                        _edata = .

.igot.plt       0x20000080        0x0 load address 0x080041e0
 .igot.plt      0x20000080        0x0 C:/ST/STM32CubeIDE_1.19.0/STM32CubeIDE/plugins/com.st.stm32cube.ide.mcu.externaltools.gnu-tools-for-stm32.13.3.rel1.win32_1.0.0.202411081344/tools/bin/../lib/gcc/arm-none-eabi/13.3.1/thumb/v6-m/nofp/crtbegin.o
                0x20000080                        . = ALIGN (0x4)

.bss            0x20000080      0x22c load address 0x080041e0
                0x20000080                        _sbss = .
                0x20000080                        __bss_start__ = _sbss
 *(.bss)
 .bss           0x20000080       0x1c C:/ST/STM32CubeIDE_1.19.0/STM32CubeIDE/plugins/com.st.stm32cube.ide.mcu.externaltools.gnu-tools-for-stm32.13.3.rel1.win32_1.0.0.202411081344/tools/bin/../lib/gcc/arm-none-eabi/13.3.1/thumb/v6-m/nofp/crtbegin.o
 *(.bss*)
 .bss.hcrc      0x2000009c       0x24 ./Application/User/Core/crc.o
                0x2000009c                hcrc
 .bss.u32CRCValueHw
                0x200000c0        0x4 ./Application/User/Core/main.o
                0x200000c0                u32CRCValueHw
 .bss.__sbrk_heap_end
                0x200000c4        0x4 ./Application/User/Core/sysmem.o
 .bss.huart2    0x200000c8       0x94 ./Application/User/Core/usart.o
                0x200000c8                huart2
 .bss.uwTick    0x2000015c        0x4 ./Drivers/STM32G0xx_HAL_Driver/stm32g0xx_hal.o
                0x2000015c                uwTick
 .bss.__sf      0x20000160      0x138 C:/ST/STM32CubeIDE_1.19.0/STM32CubeIDE/plugins/com.st.stm32cube.ide.mcu.externaltools.gnu-tools-for-stm32.13.3.rel1.win32_1.0.0.202411081344/tools/bin/../lib/gcc/arm-none-eabi/13.3.1/../../../../arm-none-eabi/lib/thumb/v6-m/nofp\libc_nano.a(libc_a-findfp.o)
                0x20000160                __sf
 .bss.__stdio_exit_handler
                0x20000298        0x4 C:/ST/STM32CubeIDE_1.19.0/STM32CubeIDE/plugins/com.st.stm32cube.ide.mcu.externaltools.gnu-tools-for-stm32.13.3.rel1.win32_1.0.0.202411081344/tools/bin/../lib/gcc/arm-none-eabi/13.3.1/../../../../arm-none-eabi/lib/thumb/v6-m/nofp\libc_nano.a(libc_a-findfp.o)
                0x20000298                __stdio_exit_handler
 .bss.errno     0x2000029c        0x4 C:/ST/STM32CubeIDE_1.19.0/STM32CubeIDE/plugins/com.st.stm32cube.ide.mcu.externaltools.gnu-tools-for-stm32.13.3.rel1.win32_1.0.0.202411081344/tools/bin/../lib/gcc/arm-none-eabi/13.3.1/../../../../arm-none-eabi/lib/thumb/v6-m/nofp\libc_nano.a(libc_a-reent.o)
                0x2000029c                errno
 .bss.__lock___malloc_recursive_mutex
                0x200002a0        0x1 C:/ST/STM32CubeIDE_1.19.0/STM32CubeIDE/plugins/com.st.stm32cube.ide.mcu.externaltools.gnu-tools-for-stm32.13.3.rel1.win32_1.0.0.202411081344/tools/bin/../lib/gcc/arm-none-eabi/13.3.1/../../../../arm-none-eabi/lib/thumb/v6-m/nofp\libc_nano.a(libc_a-lock.o)
                0x200002a0                __lock___malloc_recursive_mutex
 .bss.__lock___sfp_recursive_mutex
                0x200002a1        0x1 C:/ST/STM32CubeIDE_1.19.0/STM32CubeIDE/plugins/com.st.stm32cube.ide.mcu.externaltools.gnu-tools-for-stm32.13.3.rel1.win32_1.0.0.202411081344/tools/bin/../lib/gcc/arm-none-eabi/13.3.1/../../../../arm-none-eabi/lib/thumb/v6-m/nofp\libc_nano.a(libc_a-lock.o)
                0x200002a1                __lock___sfp_recursive_mutex
 *fill*         0x200002a2        0x2 
 .bss.__malloc_sbrk_start
                0x200002a4        0x4 C:/ST/STM32CubeIDE_1.19.0/STM32CubeIDE/plugins/com.st.stm32cube.ide.mcu.externaltools.gnu-tools-for-stm32.13.3.rel1.win32_1.0.0.202411081344/tools/bin/../lib/gcc/arm-none-eabi/13.3.1/../../../../arm-none-eabi/lib/thumb/v6-m/nofp\libc_nano.a(libc_a-mallocr.o)
                0x200002a4                __malloc_sbrk_start
 .bss.__malloc_free_list
                0x200002a8        0x4 C:/ST/STM32CubeIDE_1.19.0/STM32CubeIDE/plugins/com.st.stm32cube.ide.mcu.externaltools.gnu-tools-for-stm32.13.3.rel1.win32_1.0.0.202411081344/tools/bin/../lib/gcc/arm-none-eabi/13.3.1/../../../../arm-none-eabi/lib/thumb/v6-m/nofp\libc_nano.a(libc_a-mallocr.o)
                0x200002a8                __malloc_free_list
 *(COMMON)
                0x200002ac                        . = ALIGN (0x4)
                0x200002ac                        _ebss = .
                0x200002ac                        __bss_end__ = _ebss

._user_heap_stack
                0x200002ac      0x604 load address 0x080041e0
                0x200002b0                        . = ALIGN (0x8)
 *fill*         0x200002ac        0x4 
                [!provide]                        PROVIDE (end = .)
                0x200002b0                        PROVIDE (_end = .)
                0x200004b0                        . = (. + _Min_Heap_Size)
 *fill*         0x200002b0      0x200 
                0x200008b0                        . = (. + _Min_Stack_Size)
 *fill*         0x200004b0      0x400 
                0x200008b0                        . = ALIGN (0x8)

/DISCARD/
 libc.a(*)
 libm.a(*)
 libgcc.a(*)

.ARM.attributes
                0x00000000       0x28
 *(.ARM.attributes)
 .ARM.attributes
                0x00000000       0x1e C:/ST/STM32CubeIDE_1.19.0/STM32CubeIDE/plugins/com.st.stm32cube.ide.mcu.externaltools.gnu-tools-for-stm32.13.3.rel1.win32_1.0.0.202411081344/tools/bin/../lib/gcc/arm-none-eabi/13.3.1/thumb/v6-m/nofp/crti.o
 .ARM.attributes
                0x0000001e       0x2c C:/ST/STM32CubeIDE_1.19.0/STM32CubeIDE/plugins/com.st.stm32cube.ide.mcu.externaltools.gnu-tools-for-stm32.13.3.rel1.win32_1.0.0.202411081344/tools/bin/../lib/gcc/arm-none-eabi/13.3.1/thumb/v6-m/nofp/crtbegin.o
 .ARM.attributes
                0x0000004a       0x2c ./Application/User/Core/crc.o
 .ARM.attributes
                0x00000076       0x2c ./Application/User/Core/gpio.o
 .ARM.attributes
                0x000000a2       0x2c ./Application/User/Core/main.o
 .ARM.attributes
                0x000000ce       0x2c ./Application/User/Core/stm32g0xx_hal_msp.o
 .ARM.attributes
                0x000000fa       0x2c ./Application/User/Core/stm32g0xx_it.o
 .ARM.attributes
                0x00000126       0x2c ./Application/User/Core/syscalls.o
 .ARM.attributes
                0x00000152       0x2c ./Application/User/Core/sysmem.o
 .ARM.attributes
                0x0000017e       0x2c ./Application/User/Core/usart.o
 .ARM.attributes
                0x000001aa       0x22 ./Application/User/Startup/startup_stm32g071rbtx.o
 .ARM.attributes
                0x000001cc       0x2c ./Drivers/CMSIS/system_stm32g0xx.o
 .ARM.attributes
                0x000001f8       0x2c ./Drivers/STM32G0xx_HAL_Driver/stm32g0xx_hal.o
 .ARM.attributes
                0x00000224       0x2c ./Drivers/STM32G0xx_HAL_Driver/stm32g0xx_hal_cortex.o
 .ARM.attributes
                0x00000250       0x2c ./Drivers/STM32G0xx_HAL_Driver/stm32g0xx_hal_crc.o
 .ARM.attributes
                0x0000027c       0x2c ./Drivers/STM32G0xx_HAL_Driver/stm32g0xx_hal_crc_ex.o
 .ARM.attributes
                0x000002a8       0x2c ./Drivers/STM32G0xx_HAL_Driver/stm32g0xx_hal_gpio.o
 .ARM.attributes
                0x000002d4       0x2c ./Drivers/STM32G0xx_HAL_Driver/stm32g0xx_hal_pwr_ex.o
 .ARM.attributes
                0x00000300       0x2c ./Drivers/STM32G0xx_HAL_Driver/stm32g0xx_hal_rcc.o
 .ARM.attributes
                0x0000032c       0x2c ./Drivers/STM32G0xx_HAL_Driver/stm32g0xx_hal_rcc_ex.o
 .ARM.attributes
                0x00000358       0x2c ./Drivers/STM32G0xx_HAL_Driver/stm32g0xx_hal_uart.o
 .ARM.attributes
                0x00000384       0x2c ./Drivers/STM32G0xx_HAL_Driver/stm32g0xx_hal_uart_ex.o
 .ARM.attributes
                0x000003b0       0x2c C:/ST/STM32CubeIDE_1.19.0/STM32CubeIDE/plugins/com.st.stm32cube.ide.mcu.externaltools.gnu-tools-for-stm32.13.3.rel1.win32_1.0.0.202411081344/tools/bin/../lib/gcc/arm-none-eabi/13.3.1/../../../../arm-none-eabi/lib/thumb/v6-m/nofp\libc_nano.a(libc_a-findfp.o)
 .ARM.attributes
                0x000003dc       0x2c C:/ST/STM32CubeIDE_1.19.0/STM32CubeIDE/plugins/com.st.stm32cube.ide.mcu.externaltools.gnu-tools-for-stm32.13.3.rel1.win32_1.0.0.202411081344/tools/bin/../lib/gcc/arm-none-eabi/13.3.1/../../../../arm-none-eabi/lib/thumb/v6-m/nofp\libc_nano.a(libc_a-fwalk.o)
 .ARM.attributes
                0x00000408       0x2c C:/ST/STM32CubeIDE_1.19.0/STM32CubeIDE/plugins/com.st.stm32cube.ide.mcu.externaltools.gnu-tools-for-stm32.13.3.rel1.win32_1.0.0.202411081344/tools/bin/../lib/gcc/arm-none-eabi/13.3.1/../../../../arm-none-eabi/lib/thumb/v6-m/nofp\libc_nano.a(libc_a-printf.o)
 .ARM.attributes
                0x00000434       0x2c C:/ST/STM32CubeIDE_1.19.0/STM32CubeIDE/plugins/com.st.stm32cube.ide.mcu.externaltools.gnu-tools-for-stm32.13.3.rel1.win32_1.0.0.202411081344/tools/bin/../lib/gcc/arm-none-eabi/13.3.1/../../../../arm-none-eabi/lib/thumb/v6-m/nofp\libc_nano.a(libc_a-stdio.o)
 .ARM.attributes
                0x00000460       0x2c C:/ST/STM32CubeIDE_1.19.0/STM32CubeIDE/plugins/com.st.stm32cube.ide.mcu.externaltools.gnu-tools-for-stm32.13.3.rel1.win32_1.0.0.202411081344/tools/bin/../lib/gcc/arm-none-eabi/13.3.1/../../../../arm-none-eabi/lib/thumb/v6-m/nofp\libc_nano.a(libc_a-memset.o)
 .ARM.attributes
                0x0000048c       0x2c C:/ST/STM32CubeIDE_1.19.0/STM32CubeIDE/plugins/com.st.stm32cube.ide.mcu.externaltools.gnu-tools-for-stm32.13.3.rel1.win32_1.0.0.202411081344/tools/bin/../lib/gcc/arm-none-eabi/13.3.1/../../../../arm-none-eabi/lib/thumb/v6-m/nofp\libc_nano.a(libc_a-closer.o)
 .ARM.attributes
                0x000004b8       0x2c C:/ST/STM32CubeIDE_1.19.0/STM32CubeIDE/plugins/com.st.stm32cube.ide.mcu.externaltools.gnu-tools-for-stm32.13.3.rel1.win32_1.0.0.202411081344/tools/bin/../lib/gcc/arm-none-eabi/13.3.1/../../../../arm-none-eabi/lib/thumb/v6-m/nofp\libc_nano.a(libc_a-reent.o)
 .ARM.attributes
                0x000004e4       0x2c C:/ST/STM32CubeIDE_1.19.0/STM32CubeIDE/plugins/com.st.stm32cube.ide.mcu.externaltools.gnu-tools-for-stm32.13.3.rel1.win32_1.0.0.202411081344/tools/bin/../lib/gcc/arm-none-eabi/13.3.1/../../../../arm-none-eabi/lib/thumb/v6-m/nofp\libc_nano.a(libc_a-impure.o)
 .ARM.attributes
                0x00000510       0x2c C:/ST/STM32CubeIDE_1.19.0/STM32CubeIDE/plugins/com.st.stm32cube.ide.mcu.externaltools.gnu-tools-for-stm32.13.3.rel1.win32_1.0.0.202411081344/tools/bin/../lib/gcc/arm-none-eabi/13.3.1/../../../../arm-none-eabi/lib/thumb/v6-m/nofp\libc_nano.a(libc_a-lseekr.o)
 .ARM.attributes
                0x0000053c       0x2c C:/ST/STM32CubeIDE_1.19.0/STM32CubeIDE/plugins/com.st.stm32cube.ide.mcu.externaltools.gnu-tools-for-stm32.13.3.rel1.win32_1.0.0.202411081344/tools/bin/../lib/gcc/arm-none-eabi/13.3.1/../../../../arm-none-eabi/lib/thumb/v6-m/nofp\libc_nano.a(libc_a-readr.o)
 .ARM.attributes
                0x00000568       0x2c C:/ST/STM32CubeIDE_1.19.0/STM32CubeIDE/plugins/com.st.stm32cube.ide.mcu.externaltools.gnu-tools-for-stm32.13.3.rel1.win32_1.0.0.202411081344/tools/bin/../lib/gcc/arm-none-eabi/13.3.1/../../../../arm-none-eabi/lib/thumb/v6-m/nofp\libc_nano.a(libc_a-writer.o)
 .ARM.attributes
                0x00000594       0x2c C:/ST/STM32CubeIDE_1.19.0/STM32CubeIDE/plugins/com.st.stm32cube.ide.mcu.externaltools.gnu-tools-for-stm32.13.3.rel1.win32_1.0.0.202411081344/tools/bin/../lib/gcc/arm-none-eabi/13.3.1/../../../../arm-none-eabi/lib/thumb/v6-m/nofp\libc_nano.a(libc_a-errno.o)
 .ARM.attributes
                0x000005c0       0x2c C:/ST/STM32CubeIDE_1.19.0/STM32CubeIDE/plugins/com.st.stm32cube.ide.mcu.externaltools.gnu-tools-for-stm32.13.3.rel1.win32_1.0.0.202411081344/tools/bin/../lib/gcc/arm-none-eabi/13.3.1/../../../../arm-none-eabi/lib/thumb/v6-m/nofp\libc_nano.a(libc_a-init.o)
 .ARM.attributes
                0x000005ec       0x2c C:/ST/STM32CubeIDE_1.19.0/STM32CubeIDE/plugins/com.st.stm32cube.ide.mcu.externaltools.gnu-tools-for-stm32.13.3.rel1.win32_1.0.0.202411081344/tools/bin/../lib/gcc/arm-none-eabi/13.3.1/../../../../arm-none-eabi/lib/thumb/v6-m/nofp\libc_nano.a(libc_a-lock.o)
 .ARM.attributes
                0x00000618       0x2c C:/ST/STM32CubeIDE_1.19.0/STM32CubeIDE/plugins/com.st.stm32cube.ide.mcu.externaltools.gnu-tools-for-stm32.13.3.rel1.win32_1.0.0.202411081344/tools/bin/../lib/gcc/arm-none-eabi/13.3.1/../../../../arm-none-eabi/lib/thumb/v6-m/nofp\libc_nano.a(libc_a-freer.o)
 .ARM.attributes
                0x00000644       0x2c C:/ST/STM32CubeIDE_1.19.0/STM32CubeIDE/plugins/com.st.stm32cube.ide.mcu.externaltools.gnu-tools-for-stm32.13.3.rel1.win32_1.0.0.202411081344/tools/bin/../lib/gcc/arm-none-eabi/13.3.1/../../../../arm-none-eabi/lib/thumb/v6-m/nofp\libc_nano.a(libc_a-mallocr.o)
 .ARM.attributes
                0x00000670       0x2c C:/ST/STM32CubeIDE_1.19.0/STM32CubeIDE/plugins/com.st.stm32cube.ide.mcu.externaltools.gnu-tools-for-stm32.13.3.rel1.win32_1.0.0.202411081344/tools/bin/../lib/gcc/arm-none-eabi/13.3.1/../../../../arm-none-eabi/lib/thumb/v6-m/nofp\libc_nano.a(libc_a-mlock.o)
 .ARM.attributes
                0x0000069c       0x2c C:/ST/STM32CubeIDE_1.19.0/STM32CubeIDE/plugins/com.st.stm32cube.ide.mcu.externaltools.gnu-tools-for-stm32.13.3.rel1.win32_1.0.0.202411081344/tools/bin/../lib/gcc/arm-none-eabi/13.3.1/../../../../arm-none-eabi/lib/thumb/v6-m/nofp\libc_nano.a(libc_a-nano-vfprintf.o)
 .ARM.attributes
                0x000006c8       0x2c C:/ST/STM32CubeIDE_1.19.0/STM32CubeIDE/plugins/com.st.stm32cube.ide.mcu.externaltools.gnu-tools-for-stm32.13.3.rel1.win32_1.0.0.202411081344/tools/bin/../lib/gcc/arm-none-eabi/13.3.1/../../../../arm-none-eabi/lib/thumb/v6-m/nofp\libc_nano.a(libc_a-nano-vfprintf_i.o)
 .ARM.attributes
                0x000006f4       0x2c C:/ST/STM32CubeIDE_1.19.0/STM32CubeIDE/plugins/com.st.stm32cube.ide.mcu.externaltools.gnu-tools-for-stm32.13.3.rel1.win32_1.0.0.202411081344/tools/bin/../lib/gcc/arm-none-eabi/13.3.1/../../../../arm-none-eabi/lib/thumb/v6-m/nofp\libc_nano.a(libc_a-fflush.o)
 .ARM.attributes
                0x00000720       0x2c C:/ST/STM32CubeIDE_1.19.0/STM32CubeIDE/plugins/com.st.stm32cube.ide.mcu.externaltools.gnu-tools-for-stm32.13.3.rel1.win32_1.0.0.202411081344/tools/bin/../lib/gcc/arm-none-eabi/13.3.1/../../../../arm-none-eabi/lib/thumb/v6-m/nofp\libc_nano.a(libc_a-wbuf.o)
 .ARM.attributes
                0x0000074c       0x2c C:/ST/STM32CubeIDE_1.19.0/STM32CubeIDE/plugins/com.st.stm32cube.ide.mcu.externaltools.gnu-tools-for-stm32.13.3.rel1.win32_1.0.0.202411081344/tools/bin/../lib/gcc/arm-none-eabi/13.3.1/../../../../arm-none-eabi/lib/thumb/v6-m/nofp\libc_nano.a(libc_a-wsetup.o)
 .ARM.attributes
                0x00000778       0x2c C:/ST/STM32CubeIDE_1.19.0/STM32CubeIDE/plugins/com.st.stm32cube.ide.mcu.externaltools.gnu-tools-for-stm32.13.3.rel1.win32_1.0.0.202411081344/tools/bin/../lib/gcc/arm-none-eabi/13.3.1/../../../../arm-none-eabi/lib/thumb/v6-m/nofp\libc_nano.a(libc_a-sbrkr.o)
 .ARM.attributes
                0x000007a4       0x2c C:/ST/STM32CubeIDE_1.19.0/STM32CubeIDE/plugins/com.st.stm32cube.ide.mcu.externaltools.gnu-tools-for-stm32.13.3.rel1.win32_1.0.0.202411081344/tools/bin/../lib/gcc/arm-none-eabi/13.3.1/../../../../arm-none-eabi/lib/thumb/v6-m/nofp\libc_nano.a(libc_a-memchr-stub.o)
 .ARM.attributes
                0x000007d0       0x2c C:/ST/STM32CubeIDE_1.19.0/STM32CubeIDE/plugins/com.st.stm32cube.ide.mcu.externaltools.gnu-tools-for-stm32.13.3.rel1.win32_1.0.0.202411081344/tools/bin/../lib/gcc/arm-none-eabi/13.3.1/../../../../arm-none-eabi/lib/thumb/v6-m/nofp\libc_nano.a(libc_a-makebuf.o)
 .ARM.attributes
                0x000007fc       0x2c C:/ST/STM32CubeIDE_1.19.0/STM32CubeIDE/plugins/com.st.stm32cube.ide.mcu.externaltools.gnu-tools-for-stm32.13.3.rel1.win32_1.0.0.202411081344/tools/bin/../lib/gcc/arm-none-eabi/13.3.1/../../../../arm-none-eabi/lib/thumb/v6-m/nofp\libc_nano.a(libc_a-fstatr.o)
 .ARM.attributes
                0x00000828       0x2c C:/ST/STM32CubeIDE_1.19.0/STM32CubeIDE/plugins/com.st.stm32cube.ide.mcu.externaltools.gnu-tools-for-stm32.13.3.rel1.win32_1.0.0.202411081344/tools/bin/../lib/gcc/arm-none-eabi/13.3.1/../../../../arm-none-eabi/lib/thumb/v6-m/nofp\libc_nano.a(libc_a-isattyr.o)
 .ARM.attributes
                0x00000854       0x1e C:/ST/STM32CubeIDE_1.19.0/STM32CubeIDE/plugins/com.st.stm32cube.ide.mcu.externaltools.gnu-tools-for-stm32.13.3.rel1.win32_1.0.0.202411081344/tools/bin/../lib/gcc/arm-none-eabi/13.3.1/thumb/v6-m/nofp\libgcc.a(_thumb1_case_shi.o)
 .ARM.attributes
                0x00000872       0x1e C:/ST/STM32CubeIDE_1.19.0/STM32CubeIDE/plugins/com.st.stm32cube.ide.mcu.externaltools.gnu-tools-for-stm32.13.3.rel1.win32_1.0.0.202411081344/tools/bin/../lib/gcc/arm-none-eabi/13.3.1/thumb/v6-m/nofp\libgcc.a(_udivsi3.o)
 .ARM.attributes
                0x00000890       0x1e C:/ST/STM32CubeIDE_1.19.0/STM32CubeIDE/plugins/com.st.stm32cube.ide.mcu.externaltools.gnu-tools-for-stm32.13.3.rel1.win32_1.0.0.202411081344/tools/bin/../lib/gcc/arm-none-eabi/13.3.1/thumb/v6-m/nofp\libgcc.a(_divsi3.o)
 .ARM.attributes
                0x000008ae       0x1e C:/ST/STM32CubeIDE_1.19.0/STM32CubeIDE/plugins/com.st.stm32cube.ide.mcu.externaltools.gnu-tools-for-stm32.13.3.rel1.win32_1.0.0.202411081344/tools/bin/../lib/gcc/arm-none-eabi/13.3.1/thumb/v6-m/nofp\libgcc.a(_dvmd_tls.o)
 .ARM.attributes
                0x000008cc       0x1e C:/ST/STM32CubeIDE_1.19.0/STM32CubeIDE/plugins/com.st.stm32cube.ide.mcu.externaltools.gnu-tools-for-stm32.13.3.rel1.win32_1.0.0.202411081344/tools/bin/../lib/gcc/arm-none-eabi/13.3.1/thumb/v6-m/nofp\libgcc.a(_aeabi_uldivmod.o)
 .ARM.attributes
                0x000008ea       0x2c C:/ST/STM32CubeIDE_1.19.0/STM32CubeIDE/plugins/com.st.stm32cube.ide.mcu.externaltools.gnu-tools-for-stm32.13.3.rel1.win32_1.0.0.202411081344/tools/bin/../lib/gcc/arm-none-eabi/13.3.1/thumb/v6-m/nofp\libgcc.a(_udivmoddi4.o)
 .ARM.attributes
                0x00000916       0x1e C:/ST/STM32CubeIDE_1.19.0/STM32CubeIDE/plugins/com.st.stm32cube.ide.mcu.externaltools.gnu-tools-for-stm32.13.3.rel1.win32_1.0.0.202411081344/tools/bin/../lib/gcc/arm-none-eabi/13.3.1/thumb/v6-m/nofp\libgcc.a(_clzdi2.o)
 .ARM.attributes
                0x00000934       0x1e C:/ST/STM32CubeIDE_1.19.0/STM32CubeIDE/plugins/com.st.stm32cube.ide.mcu.externaltools.gnu-tools-for-stm32.13.3.rel1.win32_1.0.0.202411081344/tools/bin/../lib/gcc/arm-none-eabi/13.3.1/thumb/v6-m/nofp\libgcc.a(_clzsi2.o)
 .ARM.attributes
                0x00000952       0x1e C:/ST/STM32CubeIDE_1.19.0/STM32CubeIDE/plugins/com.st.stm32cube.ide.mcu.externaltools.gnu-tools-for-stm32.13.3.rel1.win32_1.0.0.202411081344/tools/bin/../lib/gcc/arm-none-eabi/13.3.1/thumb/v6-m/nofp/crtn.o
OUTPUT(EP13.elf elf32-littlearm)
LOAD linker stubs
LOAD C:/ST/STM32CubeIDE_1.19.0/STM32CubeIDE/plugins/com.st.stm32cube.ide.mcu.externaltools.gnu-tools-for-stm32.13.3.rel1.win32_1.0.0.202411081344/tools/bin/../lib/gcc/arm-none-eabi/13.3.1/../../../../arm-none-eabi/lib/thumb/v6-m/nofp\libc.a
LOAD C:/ST/STM32CubeIDE_1.19.0/STM32CubeIDE/plugins/com.st.stm32cube.ide.mcu.externaltools.gnu-tools-for-stm32.13.3.rel1.win32_1.0.0.202411081344/tools/bin/../lib/gcc/arm-none-eabi/13.3.1/../../../../arm-none-eabi/lib/thumb/v6-m/nofp\libm.a
LOAD C:/ST/STM32CubeIDE_1.19.0/STM32CubeIDE/plugins/com.st.stm32cube.ide.mcu.externaltools.gnu-tools-for-stm32.13.3.rel1.win32_1.0.0.202411081344/tools/bin/../lib/gcc/arm-none-eabi/13.3.1/thumb/v6-m/nofp\libgcc.a

.debug_info     0x00000000     0xc241
 .debug_info    0x00000000      0x47e ./Application/User/Core/crc.o
 .debug_info    0x0000047e      0x248 ./Application/User/Core/gpio.o
 .debug_info    0x000006c6      0xc9e ./Application/User/Core/main.o
 .debug_info    0x00001364      0x265 ./Application/User/Core/stm32g0xx_hal_msp.o
 .debug_info    0x000015c9      0x117 ./Application/User/Core/stm32g0xx_it.o
 .debug_info    0x000016e0      0x6a3 ./Application/User/Core/syscalls.o
 .debug_info    0x00001d83      0x168 ./Application/User/Core/sysmem.o
 .debug_info    0x00001eeb      0xc4a ./Application/User/Core/usart.o
 .debug_info    0x00002b35       0x30 ./Application/User/Startup/startup_stm32g071rbtx.o
 .debug_info    0x00002b65      0x316 ./Drivers/CMSIS/system_stm32g0xx.o
 .debug_info    0x00002e7b      0xa34 ./Drivers/STM32G0xx_HAL_Driver/stm32g0xx_hal.o
 .debug_info    0x000038af      0x8d9 ./Drivers/STM32G0xx_HAL_Driver/stm32g0xx_hal_cortex.o
 .debug_info    0x00004188      0x548 ./Drivers/STM32G0xx_HAL_Driver/stm32g0xx_hal_crc.o
 .debug_info    0x000046d0      0x35b ./Drivers/STM32G0xx_HAL_Driver/stm32g0xx_hal_crc_ex.o
 .debug_info    0x00004a2b      0x5b9 ./Drivers/STM32G0xx_HAL_Driver/stm32g0xx_hal_gpio.o
 .debug_info    0x00004fe4      0x7c1 ./Drivers/STM32G0xx_HAL_Driver/stm32g0xx_hal_pwr_ex.o
 .debug_info    0x000057a5      0xb1b ./Drivers/STM32G0xx_HAL_Driver/stm32g0xx_hal_rcc.o
 .debug_info    0x000062c0      0x77f ./Drivers/STM32G0xx_HAL_Driver/stm32g0xx_hal_rcc_ex.o
 .debug_info    0x00006a3f     0x4859 ./Drivers/STM32G0xx_HAL_Driver/stm32g0xx_hal_uart.o
 .debug_info    0x0000b298      0xfa9 ./Drivers/STM32G0xx_HAL_Driver/stm32g0xx_hal_uart_ex.o

.debug_abbrev   0x00000000     0x239b
 .debug_abbrev  0x00000000      0x1b1 ./Application/User/Core/crc.o
 .debug_abbrev  0x000001b1       0xd2 ./Application/User/Core/gpio.o
 .debug_abbrev  0x00000283      0x288 ./Application/User/Core/main.o
 .debug_abbrev  0x0000050b       0xdd ./Application/User/Core/stm32g0xx_hal_msp.o
 .debug_abbrev  0x000005e8       0xac ./Application/User/Core/stm32g0xx_it.o
 .debug_abbrev  0x00000694      0x1b6 ./Application/User/Core/syscalls.o
 .debug_abbrev  0x0000084a       0xbc ./Application/User/Core/sysmem.o
 .debug_abbrev  0x00000906      0x20d ./Application/User/Core/usart.o
 .debug_abbrev  0x00000b13       0x24 ./Application/User/Startup/startup_stm32g071rbtx.o
 .debug_abbrev  0x00000b37      0x119 ./Drivers/CMSIS/system_stm32g0xx.o
 .debug_abbrev  0x00000c50      0x2b2 ./Drivers/STM32G0xx_HAL_Driver/stm32g0xx_hal.o
 .debug_abbrev  0x00000f02      0x2ab ./Drivers/STM32G0xx_HAL_Driver/stm32g0xx_hal_cortex.o
 .debug_abbrev  0x000011ad      0x1de ./Drivers/STM32G0xx_HAL_Driver/stm32g0xx_hal_crc.o
 .debug_abbrev  0x0000138b      0x137 ./Drivers/STM32G0xx_HAL_Driver/stm32g0xx_hal_crc_ex.o
 .debug_abbrev  0x000014c2      0x1c8 ./Drivers/STM32G0xx_HAL_Driver/stm32g0xx_hal_gpio.o
 .debug_abbrev  0x0000168a      0x238 ./Drivers/STM32G0xx_HAL_Driver/stm32g0xx_hal_pwr_ex.o
 .debug_abbrev  0x000018c2      0x2aa ./Drivers/STM32G0xx_HAL_Driver/stm32g0xx_hal_rcc.o
 .debug_abbrev  0x00001b6c      0x229 ./Drivers/STM32G0xx_HAL_Driver/stm32g0xx_hal_rcc_ex.o
 .debug_abbrev  0x00001d95      0x322 ./Drivers/STM32G0xx_HAL_Driver/stm32g0xx_hal_uart.o
 .debug_abbrev  0x000020b7      0x2e4 ./Drivers/STM32G0xx_HAL_Driver/stm32g0xx_hal_uart_ex.o

.debug_aranges  0x00000000      0x9f0
 .debug_aranges
                0x00000000       0x30 ./Application/User/Core/crc.o
 .debug_aranges
                0x00000030       0x20 ./Application/User/Core/gpio.o
 .debug_aranges
                0x00000050       0x40 ./Application/User/Core/main.o
 .debug_aranges
                0x00000090       0x20 ./Application/User/Core/stm32g0xx_hal_msp.o
 .debug_aranges
                0x000000b0       0x40 ./Application/User/Core/stm32g0xx_it.o
 .debug_aranges
                0x000000f0       0xa8 ./Application/User/Core/syscalls.o
 .debug_aranges
                0x00000198       0x20 ./Application/User/Core/sysmem.o
 .debug_aranges
                0x000001b8       0x30 ./Application/User/Core/usart.o
 .debug_aranges
                0x000001e8       0x28 ./Application/User/Startup/startup_stm32g071rbtx.o
 .debug_aranges
                0x00000210       0x28 ./Drivers/CMSIS/system_stm32g0xx.o
 .debug_aranges
                0x00000238      0x120 ./Drivers/STM32G0xx_HAL_Driver/stm32g0xx_hal.o
 .debug_aranges
                0x00000358       0xe8 ./Drivers/STM32G0xx_HAL_Driver/stm32g0xx_hal_cortex.o
 .debug_aranges
                0x00000440       0x60 ./Drivers/STM32G0xx_HAL_Driver/stm32g0xx_hal_crc.o
 .debug_aranges
                0x000004a0       0x30 ./Drivers/STM32G0xx_HAL_Driver/stm32g0xx_hal_crc_ex.o
 .debug_aranges
                0x000004d0       0x60 ./Drivers/STM32G0xx_HAL_Driver/stm32g0xx_hal_gpio.o
 .debug_aranges
                0x00000530       0xf0 ./Drivers/STM32G0xx_HAL_Driver/stm32g0xx_hal_pwr_ex.o
 .debug_aranges
                0x00000620       0xa0 ./Drivers/STM32G0xx_HAL_Driver/stm32g0xx_hal_rcc.o
 .debug_aranges
                0x000006c0       0x40 ./Drivers/STM32G0xx_HAL_Driver/stm32g0xx_hal_rcc_ex.o
 .debug_aranges
                0x00000700      0x248 ./Drivers/STM32G0xx_HAL_Driver/stm32g0xx_hal_uart.o
 .debug_aranges
                0x00000948       0xa8 ./Drivers/STM32G0xx_HAL_Driver/stm32g0xx_hal_uart_ex.o

.debug_rnglists
                0x00000000      0x780
 .debug_rnglists
                0x00000000       0x1f ./Application/User/Core/crc.o
 .debug_rnglists
                0x0000001f       0x13 ./Application/User/Core/gpio.o
 .debug_rnglists
                0x00000032       0x2d ./Application/User/Core/main.o
 .debug_rnglists
                0x0000005f       0x13 ./Application/User/Core/stm32g0xx_hal_msp.o
 .debug_rnglists
                0x00000072       0x2b ./Application/User/Core/stm32g0xx_it.o
 .debug_rnglists
                0x0000009d       0x79 ./Application/User/Core/syscalls.o
 .debug_rnglists
                0x00000116       0x13 ./Application/User/Core/sysmem.o
 .debug_rnglists
                0x00000129       0x21 ./Application/User/Core/usart.o
 .debug_rnglists
                0x0000014a       0x19 ./Application/User/Startup/startup_stm32g071rbtx.o
 .debug_rnglists
                0x00000163       0x1a ./Drivers/CMSIS/system_stm32g0xx.o
 .debug_rnglists
                0x0000017d       0xd4 ./Drivers/STM32G0xx_HAL_Driver/stm32g0xx_hal.o
 .debug_rnglists
                0x00000251       0xaa ./Drivers/STM32G0xx_HAL_Driver/stm32g0xx_hal_cortex.o
 .debug_rnglists
                0x000002fb       0x47 ./Drivers/STM32G0xx_HAL_Driver/stm32g0xx_hal_crc.o
 .debug_rnglists
                0x00000342       0x20 ./Drivers/STM32G0xx_HAL_Driver/stm32g0xx_hal_crc_ex.o
 .debug_rnglists
                0x00000362       0x45 ./Drivers/STM32G0xx_HAL_Driver/stm32g0xx_hal_gpio.o
 .debug_rnglists
                0x000003a7       0xb5 ./Drivers/STM32G0xx_HAL_Driver/stm32g0xx_hal_pwr_ex.o
 .debug_rnglists
                0x0000045c       0x79 ./Drivers/STM32G0xx_HAL_Driver/stm32g0xx_hal_rcc.o
 .debug_rnglists
                0x000004d5       0x30 ./Drivers/STM32G0xx_HAL_Driver/stm32g0xx_hal_rcc_ex.o
 .debug_rnglists
                0x00000505      0x1fb ./Drivers/STM32G0xx_HAL_Driver/stm32g0xx_hal_uart.o
 .debug_rnglists
                0x00000700       0x80 ./Drivers/STM32G0xx_HAL_Driver/stm32g0xx_hal_uart_ex.o

.debug_macro    0x00000000    0x19386
 .debug_macro   0x00000000      0x1f3 ./Application/User/Core/crc.o
 .debug_macro   0x000001f3      0xaae ./Application/User/Core/crc.o
 .debug_macro   0x00000ca1      0x11d ./Application/User/Core/crc.o
 .debug_macro   0x00000dbe       0x2e ./Application/User/Core/crc.o
 .debug_macro   0x00000dec       0x28 ./Application/User/Core/crc.o
 .debug_macro   0x00000e14       0x22 ./Application/User/Core/crc.o
 .debug_macro   0x00000e36       0x8e ./Application/User/Core/crc.o
 .debug_macro   0x00000ec4       0x51 ./Application/User/Core/crc.o
 .debug_macro   0x00000f15      0x103 ./Application/User/Core/crc.o
 .debug_macro   0x00001018       0x6a ./Application/User/Core/crc.o
 .debug_macro   0x00001082      0x1df ./Application/User/Core/crc.o
 .debug_macro   0x00001261       0x1c ./Application/User/Core/crc.o
 .debug_macro   0x0000127d       0x22 ./Application/User/Core/crc.o
 .debug_macro   0x0000129f       0xd1 ./Application/User/Core/crc.o
 .debug_macro   0x00001370      0x4da ./Application/User/Core/crc.o
 .debug_macro   0x0000184a      0x11f ./Application/User/Core/crc.o
 .debug_macro   0x00001969     0xc753 ./Application/User/Core/crc.o
 .debug_macro   0x0000e0bc       0x66 ./Application/User/Core/crc.o
 .debug_macro   0x0000e122     0x350e ./Application/User/Core/crc.o
 .debug_macro   0x00011630      0x190 ./Application/User/Core/crc.o
 .debug_macro   0x000117c0       0x5c ./Application/User/Core/crc.o
 .debug_macro   0x0001181c      0x56c ./Application/User/Core/crc.o
 .debug_macro   0x00011d88     0x1122 ./Application/User/Core/crc.o
 .debug_macro   0x00012eaa      0x264 ./Application/User/Core/crc.o
 .debug_macro   0x0001310e      0x1cf ./Application/User/Core/crc.o
 .debug_macro   0x000132dd      0x1d8 ./Application/User/Core/crc.o
 .debug_macro   0x000134b5      0x426 ./Application/User/Core/crc.o
 .debug_macro   0x000138db      0x280 ./Application/User/Core/crc.o
 .debug_macro   0x00013b5b      0x3a7 ./Application/User/Core/crc.o
 .debug_macro   0x00013f02      0x1b2 ./Application/User/Core/crc.o
 .debug_macro   0x000140b4       0x43 ./Application/User/Core/crc.o
 .debug_macro   0x000140f7      0x1f1 ./Application/User/Core/crc.o
 .debug_macro   0x000142e8       0xc7 ./Application/User/Core/crc.o
 .debug_macro   0x000143af       0x4c ./Application/User/Core/crc.o
 .debug_macro   0x000143fb      0x1d6 ./Application/User/Core/crc.o
 .debug_macro   0x000145d1      0x38a ./Application/User/Core/crc.o
 .debug_macro   0x0001495b       0x28 ./Application/User/Core/crc.o
 .debug_macro   0x00014983       0xe4 ./Application/User/Core/crc.o
 .debug_macro   0x00014a67      0x125 ./Application/User/Core/crc.o
 .debug_macro   0x00014b8c      0x240 ./Application/User/Core/crc.o
 .debug_macro   0x00014dcc      0x693 ./Application/User/Core/crc.o
 .debug_macro   0x0001545f       0xa6 ./Application/User/Core/crc.o
 .debug_macro   0x00015505      0x4f2 ./Application/User/Core/crc.o
 .debug_macro   0x000159f7      0x1f3 ./Application/User/Core/gpio.o
 .debug_macro   0x00015bea      0x2e3 ./Application/User/Core/main.o
 .debug_macro   0x00015ecd       0x61 ./Application/User/Core/main.o
 .debug_macro   0x00015f2e       0x24 ./Application/User/Core/main.o
 .debug_macro   0x00015f52       0x43 ./Application/User/Core/main.o
 .debug_macro   0x00015f95       0x34 ./Application/User/Core/main.o
 .debug_macro   0x00015fc9       0x16 ./Application/User/Core/main.o
 .debug_macro   0x00015fdf       0x3c ./Application/User/Core/main.o
 .debug_macro   0x0001601b      0x370 ./Application/User/Core/main.o
 .debug_macro   0x0001638b       0x10 ./Application/User/Core/main.o
 .debug_macro   0x0001639b       0x16 ./Application/User/Core/main.o
 .debug_macro   0x000163b1       0x4a ./Application/User/Core/main.o
 .debug_macro   0x000163fb       0x34 ./Application/User/Core/main.o
 .debug_macro   0x0001642f       0x10 ./Application/User/Core/main.o
 .debug_macro   0x0001643f       0x58 ./Application/User/Core/main.o
 .debug_macro   0x00016497       0x8e ./Application/User/Core/main.o
 .debug_macro   0x00016525       0x1c ./Application/User/Core/main.o
 .debug_macro   0x00016541      0x185 ./Application/User/Core/main.o
 .debug_macro   0x000166c6       0x16 ./Application/User/Core/main.o
 .debug_macro   0x000166dc       0x16 ./Application/User/Core/main.o
 .debug_macro   0x000166f2      0x146 ./Application/User/Core/main.o
 .debug_macro   0x00016838      0x1e9 ./Application/User/Core/stm32g0xx_hal_msp.o
 .debug_macro   0x00016a21      0x1f3 ./Application/User/Core/stm32g0xx_it.o
 .debug_macro   0x00016c14      0x274 ./Application/User/Core/syscalls.o
 .debug_macro   0x00016e88       0x5b ./Application/User/Core/syscalls.o
 .debug_macro   0x00016ee3       0x94 ./Application/User/Core/syscalls.o
 .debug_macro   0x00016f77       0x57 ./Application/User/Core/syscalls.o
 .debug_macro   0x00016fce       0x10 ./Application/User/Core/syscalls.o
 .debug_macro   0x00016fde       0x10 ./Application/User/Core/syscalls.o
 .debug_macro   0x00016fee       0x10 ./Application/User/Core/syscalls.o
 .debug_macro   0x00016ffe       0x10 ./Application/User/Core/syscalls.o
 .debug_macro   0x0001700e       0x1c ./Application/User/Core/syscalls.o
 .debug_macro   0x0001702a       0x52 ./Application/User/Core/syscalls.o
 .debug_macro   0x0001707c       0x22 ./Application/User/Core/syscalls.o
 .debug_macro   0x0001709e       0x10 ./Application/User/Core/syscalls.o
 .debug_macro   0x000170ae       0x52 ./Application/User/Core/syscalls.o
 .debug_macro   0x00017100       0xcf ./Application/User/Core/syscalls.o
 .debug_macro   0x000171cf       0x1c ./Application/User/Core/syscalls.o
 .debug_macro   0x000171eb       0x3d ./Application/User/Core/syscalls.o
 .debug_macro   0x00017228       0x35 ./Application/User/Core/syscalls.o
 .debug_macro   0x0001725d      0x12c ./Application/User/Core/syscalls.o
 .debug_macro   0x00017389       0x16 ./Application/User/Core/syscalls.o
 .debug_macro   0x0001739f       0x16 ./Application/User/Core/syscalls.o
 .debug_macro   0x000173b5       0x29 ./Application/User/Core/syscalls.o
 .debug_macro   0x000173de       0x10 ./Application/User/Core/syscalls.o
 .debug_macro   0x000173ee      0x242 ./Application/User/Core/syscalls.o
 .debug_macro   0x00017630       0x1c ./Application/User/Core/syscalls.o
 .debug_macro   0x0001764c       0x10 ./Application/User/Core/syscalls.o
 .debug_macro   0x0001765c      0x18a ./Application/User/Core/syscalls.o
 .debug_macro   0x000177e6       0x16 ./Application/User/Core/syscalls.o
 .debug_macro   0x000177fc       0xce ./Application/User/Core/syscalls.o
 .debug_macro   0x000178ca      0x112 ./Application/User/Core/sysmem.o
 .debug_macro   0x000179dc      0x23c ./Application/User/Core/sysmem.o
 .debug_macro   0x00017c18      0x1f3 ./Application/User/Core/usart.o
 .debug_macro   0x00017e0b      0x1df ./Drivers/CMSIS/system_stm32g0xx.o
 .debug_macro   0x00017fea      0x203 ./Drivers/STM32G0xx_HAL_Driver/stm32g0xx_hal.o
 .debug_macro   0x000181ed      0x1df ./Drivers/STM32G0xx_HAL_Driver/stm32g0xx_hal_cortex.o
 .debug_macro   0x000183cc      0x1df ./Drivers/STM32G0xx_HAL_Driver/stm32g0xx_hal_crc.o
 .debug_macro   0x000185ab      0x1df ./Drivers/STM32G0xx_HAL_Driver/stm32g0xx_hal_crc_ex.o
 .debug_macro   0x0001878a      0x1e6 ./Drivers/STM32G0xx_HAL_Driver/stm32g0xx_hal_gpio.o
 .debug_macro   0x00018970      0x209 ./Drivers/STM32G0xx_HAL_Driver/stm32g0xx_hal_pwr_ex.o
 .debug_macro   0x00018b79      0x221 ./Drivers/STM32G0xx_HAL_Driver/stm32g0xx_hal_rcc.o
 .debug_macro   0x00018d9a      0x1f7 ./Drivers/STM32G0xx_HAL_Driver/stm32g0xx_hal_rcc_ex.o
 .debug_macro   0x00018f91      0x20a ./Drivers/STM32G0xx_HAL_Driver/stm32g0xx_hal_uart.o
 .debug_macro   0x0001919b      0x1eb ./Drivers/STM32G0xx_HAL_Driver/stm32g0xx_hal_uart_ex.o

.debug_line     0x00000000     0xed34
 .debug_line    0x00000000      0x808 ./Application/User/Core/crc.o
 .debug_line    0x00000808      0x7b5 ./Application/User/Core/gpio.o
 .debug_line    0x00000fbd      0xa22 ./Application/User/Core/main.o
 .debug_line    0x000019df      0x7b9 ./Application/User/Core/stm32g0xx_hal_msp.o
 .debug_line    0x00002198      0x816 ./Application/User/Core/stm32g0xx_it.o
 .debug_line    0x000029ae      0x8b9 ./Application/User/Core/syscalls.o
 .debug_line    0x00003267      0x595 ./Application/User/Core/sysmem.o
 .debug_line    0x000037fc      0x86c ./Application/User/Core/usart.o
 .debug_line    0x00004068       0x7b ./Application/User/Startup/startup_stm32g071rbtx.o
 .debug_line    0x000040e3      0x82c ./Drivers/CMSIS/system_stm32g0xx.o
 .debug_line    0x0000490f      0xb72 ./Drivers/STM32G0xx_HAL_Driver/stm32g0xx_hal.o
 .debug_line    0x00005481      0xc07 ./Drivers/STM32G0xx_HAL_Driver/stm32g0xx_hal_cortex.o
 .debug_line    0x00006088      0xa78 ./Drivers/STM32G0xx_HAL_Driver/stm32g0xx_hal_crc.o
 .debug_line    0x00006b00      0x875 ./Drivers/STM32G0xx_HAL_Driver/stm32g0xx_hal_crc_ex.o
 .debug_line    0x00007375      0xbc3 ./Drivers/STM32G0xx_HAL_Driver/stm32g0xx_hal_gpio.o
 .debug_line    0x00007f38      0xb4b ./Drivers/STM32G0xx_HAL_Driver/stm32g0xx_hal_pwr_ex.o
 .debug_line    0x00008a83     0x1043 ./Drivers/STM32G0xx_HAL_Driver/stm32g0xx_hal_rcc.o
 .debug_line    0x00009ac6      0xdcc ./Drivers/STM32G0xx_HAL_Driver/stm32g0xx_hal_rcc_ex.o
 .debug_line    0x0000a892     0x3717 ./Drivers/STM32G0xx_HAL_Driver/stm32g0xx_hal_uart.o
 .debug_line    0x0000dfa9      0xd8b ./Drivers/STM32G0xx_HAL_Driver/stm32g0xx_hal_uart_ex.o

.debug_str      0x00000000    0x99364
 .debug_str     0x00000000    0x99364 ./Application/User/Core/crc.o
                              0x90fdc (size before relaxing)
 .debug_str     0x00099364    0x90ddc ./Application/User/Core/gpio.o
 .debug_str     0x00099364    0x94d99 ./Application/User/Core/main.o
 .debug_str     0x00099364    0x90ddc ./Application/User/Core/stm32g0xx_hal_msp.o
 .debug_str     0x00099364    0x90d5a ./Application/User/Core/stm32g0xx_it.o
 .debug_str     0x00099364     0x98e4 ./Application/User/Core/syscalls.o
 .debug_str     0x00099364     0x7682 ./Application/User/Core/sysmem.o
 .debug_str     0x00099364    0x915c8 ./Application/User/Core/usart.o
 .debug_str     0x00099364       0x87 ./Application/User/Startup/startup_stm32g071rbtx.o
 .debug_str     0x00099364    0x90e2d ./Drivers/CMSIS/system_stm32g0xx.o
 .debug_str     0x00099364    0x9162a ./Drivers/STM32G0xx_HAL_Driver/stm32g0xx_hal.o
 .debug_str     0x00099364    0x912f4 ./Drivers/STM32G0xx_HAL_Driver/stm32g0xx_hal_cortex.o
 .debug_str     0x00099364    0x90fc6 ./Drivers/STM32G0xx_HAL_Driver/stm32g0xx_hal_crc.o
 .debug_str     0x00099364    0x90f6c ./Drivers/STM32G0xx_HAL_Driver/stm32g0xx_hal_crc_ex.o
 .debug_str     0x00099364    0x90f76 ./Drivers/STM32G0xx_HAL_Driver/stm32g0xx_hal_gpio.o
 .debug_str     0x00099364    0x912ba ./Drivers/STM32G0xx_HAL_Driver/stm32g0xx_hal_pwr_ex.o
 .debug_str     0x00099364    0x91583 ./Drivers/STM32G0xx_HAL_Driver/stm32g0xx_hal_rcc.o
 .debug_str     0x00099364    0x911f7 ./Drivers/STM32G0xx_HAL_Driver/stm32g0xx_hal_rcc_ex.o
 .debug_str     0x00099364    0x91df8 ./Drivers/STM32G0xx_HAL_Driver/stm32g0xx_hal_uart.o
 .debug_str     0x00099364    0x916b7 ./Drivers/STM32G0xx_HAL_Driver/stm32g0xx_hal_uart_ex.o

.comment        0x00000000       0x43
 .comment       0x00000000       0x43 ./Application/User/Core/crc.o
                                 0x44 (size before relaxing)
 .comment       0x00000043       0x44 ./Application/User/Core/gpio.o
 .comment       0x00000043       0x44 ./Application/User/Core/main.o
 .comment       0x00000043       0x44 ./Application/User/Core/stm32g0xx_hal_msp.o
 .comment       0x00000043       0x44 ./Application/User/Core/stm32g0xx_it.o
 .comment       0x00000043       0x44 ./Application/User/Core/syscalls.o
 .comment       0x00000043       0x44 ./Application/User/Core/sysmem.o
 .comment       0x00000043       0x44 ./Application/User/Core/usart.o
 .comment       0x00000043       0x44 ./Drivers/CMSIS/system_stm32g0xx.o
 .comment       0x00000043       0x44 ./Drivers/STM32G0xx_HAL_Driver/stm32g0xx_hal.o
 .comment       0x00000043       0x44 ./Drivers/STM32G0xx_HAL_Driver/stm32g0xx_hal_cortex.o
 .comment       0x00000043       0x44 ./Drivers/STM32G0xx_HAL_Driver/stm32g0xx_hal_crc.o
 .comment       0x00000043       0x44 ./Drivers/STM32G0xx_HAL_Driver/stm32g0xx_hal_crc_ex.o
 .comment       0x00000043       0x44 ./Drivers/STM32G0xx_HAL_Driver/stm32g0xx_hal_gpio.o
 .comment       0x00000043       0x44 ./Drivers/STM32G0xx_HAL_Driver/stm32g0xx_hal_pwr_ex.o
 .comment       0x00000043       0x44 ./Drivers/STM32G0xx_HAL_Driver/stm32g0xx_hal_rcc.o
 .comment       0x00000043       0x44 ./Drivers/STM32G0xx_HAL_Driver/stm32g0xx_hal_rcc_ex.o
 .comment       0x00000043       0x44 ./Drivers/STM32G0xx_HAL_Driver/stm32g0xx_hal_uart.o
 .comment       0x00000043       0x44 ./Drivers/STM32G0xx_HAL_Driver/stm32g0xx_hal_uart_ex.o

.debug_frame    0x00000000     0x2880
 .debug_frame   0x00000000       0x6c ./Application/User/Core/crc.o
 .debug_frame   0x0000006c       0x30 ./Application/User/Core/gpio.o
 .debug_frame   0x0000009c       0xac ./Application/User/Core/main.o
 .debug_frame   0x00000148       0x30 ./Application/User/Core/stm32g0xx_hal_msp.o
 .debug_frame   0x00000178       0x9c ./Application/User/Core/stm32g0xx_it.o
 .debug_frame   0x00000214      0x244 ./Application/User/Core/syscalls.o
 .debug_frame   0x00000458       0x30 ./Application/User/Core/sysmem.o
 .debug_frame   0x00000488       0x6c ./Application/User/Core/usart.o
 .debug_frame   0x000004f4       0x4c ./Drivers/CMSIS/system_stm32g0xx.o
 .debug_frame   0x00000540      0x3dc ./Drivers/STM32G0xx_HAL_Driver/stm32g0xx_hal.o
 .debug_frame   0x0000091c      0x33c ./Drivers/STM32G0xx_HAL_Driver/stm32g0xx_hal_cortex.o
 .debug_frame   0x00000c58      0x130 ./Drivers/STM32G0xx_HAL_Driver/stm32g0xx_hal_crc.o
 .debug_frame   0x00000d88       0x70 ./Drivers/STM32G0xx_HAL_Driver/stm32g0xx_hal_crc_ex.o
 .debug_frame   0x00000df8      0x130 ./Drivers/STM32G0xx_HAL_Driver/stm32g0xx_hal_gpio.o
 .debug_frame   0x00000f28      0x32c ./Drivers/STM32G0xx_HAL_Driver/stm32g0xx_hal_pwr_ex.o
 .debug_frame   0x00001254      0x214 ./Drivers/STM32G0xx_HAL_Driver/stm32g0xx_hal_rcc.o
 .debug_frame   0x00001468       0xb0 ./Drivers/STM32G0xx_HAL_Driver/stm32g0xx_hal_rcc_ex.o
 .debug_frame   0x00001518      0x8d8 ./Drivers/STM32G0xx_HAL_Driver/stm32g0xx_hal_uart.o
 .debug_frame   0x00001df0      0x258 ./Drivers/STM32G0xx_HAL_Driver/stm32g0xx_hal_uart_ex.o
 .debug_frame   0x00002048      0x138 C:/ST/STM32CubeIDE_1.19.0/STM32CubeIDE/plugins/com.st.stm32cube.ide.mcu.externaltools.gnu-tools-for-stm32.13.3.rel1.win32_1.0.0.202411081344/tools/bin/../lib/gcc/arm-none-eabi/13.3.1/../../../../arm-none-eabi/lib/thumb/v6-m/nofp\libc_nano.a(libc_a-findfp.o)
 .debug_frame   0x00002180       0x34 C:/ST/STM32CubeIDE_1.19.0/STM32CubeIDE/plugins/com.st.stm32cube.ide.mcu.externaltools.gnu-tools-for-stm32.13.3.rel1.win32_1.0.0.202411081344/tools/bin/../lib/gcc/arm-none-eabi/13.3.1/../../../../arm-none-eabi/lib/thumb/v6-m/nofp\libc_nano.a(libc_a-fwalk.o)
 .debug_frame   0x000021b4       0x4c C:/ST/STM32CubeIDE_1.19.0/STM32CubeIDE/plugins/com.st.stm32cube.ide.mcu.externaltools.gnu-tools-for-stm32.13.3.rel1.win32_1.0.0.202411081344/tools/bin/../lib/gcc/arm-none-eabi/13.3.1/../../../../arm-none-eabi/lib/thumb/v6-m/nofp\libc_nano.a(libc_a-printf.o)
 .debug_frame   0x00002200       0x90 C:/ST/STM32CubeIDE_1.19.0/STM32CubeIDE/plugins/com.st.stm32cube.ide.mcu.externaltools.gnu-tools-for-stm32.13.3.rel1.win32_1.0.0.202411081344/tools/bin/../lib/gcc/arm-none-eabi/13.3.1/../../../../arm-none-eabi/lib/thumb/v6-m/nofp\libc_nano.a(libc_a-stdio.o)
 .debug_frame   0x00002290       0x20 C:/ST/STM32CubeIDE_1.19.0/STM32CubeIDE/plugins/com.st.stm32cube.ide.mcu.externaltools.gnu-tools-for-stm32.13.3.rel1.win32_1.0.0.202411081344/tools/bin/../lib/gcc/arm-none-eabi/13.3.1/../../../../arm-none-eabi/lib/thumb/v6-m/nofp\libc_nano.a(libc_a-memset.o)
 .debug_frame   0x000022b0       0x2c C:/ST/STM32CubeIDE_1.19.0/STM32CubeIDE/plugins/com.st.stm32cube.ide.mcu.externaltools.gnu-tools-for-stm32.13.3.rel1.win32_1.0.0.202411081344/tools/bin/../lib/gcc/arm-none-eabi/13.3.1/../../../../arm-none-eabi/lib/thumb/v6-m/nofp\libc_nano.a(libc_a-closer.o)
 .debug_frame   0x000022dc       0x2c C:/ST/STM32CubeIDE_1.19.0/STM32CubeIDE/plugins/com.st.stm32cube.ide.mcu.externaltools.gnu-tools-for-stm32.13.3.rel1.win32_1.0.0.202411081344/tools/bin/../lib/gcc/arm-none-eabi/13.3.1/../../../../arm-none-eabi/lib/thumb/v6-m/nofp\libc_nano.a(libc_a-reent.o)
 .debug_frame   0x00002308       0x2c C:/ST/STM32CubeIDE_1.19.0/STM32CubeIDE/plugins/com.st.stm32cube.ide.mcu.externaltools.gnu-tools-for-stm32.13.3.rel1.win32_1.0.0.202411081344/tools/bin/../lib/gcc/arm-none-eabi/13.3.1/../../../../arm-none-eabi/lib/thumb/v6-m/nofp\libc_nano.a(libc_a-lseekr.o)
 .debug_frame   0x00002334       0x2c C:/ST/STM32CubeIDE_1.19.0/STM32CubeIDE/plugins/com.st.stm32cube.ide.mcu.externaltools.gnu-tools-for-stm32.13.3.rel1.win32_1.0.0.202411081344/tools/bin/../lib/gcc/arm-none-eabi/13.3.1/../../../../arm-none-eabi/lib/thumb/v6-m/nofp\libc_nano.a(libc_a-readr.o)
 .debug_frame   0x00002360       0x2c C:/ST/STM32CubeIDE_1.19.0/STM32CubeIDE/plugins/com.st.stm32cube.ide.mcu.externaltools.gnu-tools-for-stm32.13.3.rel1.win32_1.0.0.202411081344/tools/bin/../lib/gcc/arm-none-eabi/13.3.1/../../../../arm-none-eabi/lib/thumb/v6-m/nofp\libc_nano.a(libc_a-writer.o)
 .debug_frame   0x0000238c       0x20 C:/ST/STM32CubeIDE_1.19.0/STM32CubeIDE/plugins/com.st.stm32cube.ide.mcu.externaltools.gnu-tools-for-stm32.13.3.rel1.win32_1.0.0.202411081344/tools/bin/../lib/gcc/arm-none-eabi/13.3.1/../../../../arm-none-eabi/lib/thumb/v6-m/nofp\libc_nano.a(libc_a-errno.o)
 .debug_frame   0x000023ac       0x2c C:/ST/STM32CubeIDE_1.19.0/STM32CubeIDE/plugins/com.st.stm32cube.ide.mcu.externaltools.gnu-tools-for-stm32.13.3.rel1.win32_1.0.0.202411081344/tools/bin/../lib/gcc/arm-none-eabi/13.3.1/../../../../arm-none-eabi/lib/thumb/v6-m/nofp\libc_nano.a(libc_a-init.o)
 .debug_frame   0x000023d8       0xb0 C:/ST/STM32CubeIDE_1.19.0/STM32CubeIDE/plugins/com.st.stm32cube.ide.mcu.externaltools.gnu-tools-for-stm32.13.3.rel1.win32_1.0.0.202411081344/tools/bin/../lib/gcc/arm-none-eabi/13.3.1/../../../../arm-none-eabi/lib/thumb/v6-m/nofp\libc_nano.a(libc_a-lock.o)
 .debug_frame   0x00002488       0x2c C:/ST/STM32CubeIDE_1.19.0/STM32CubeIDE/plugins/com.st.stm32cube.ide.mcu.externaltools.gnu-tools-for-stm32.13.3.rel1.win32_1.0.0.202411081344/tools/bin/../lib/gcc/arm-none-eabi/13.3.1/../../../../arm-none-eabi/lib/thumb/v6-m/nofp\libc_nano.a(libc_a-freer.o)
 .debug_frame   0x000024b4       0x50 C:/ST/STM32CubeIDE_1.19.0/STM32CubeIDE/plugins/com.st.stm32cube.ide.mcu.externaltools.gnu-tools-for-stm32.13.3.rel1.win32_1.0.0.202411081344/tools/bin/../lib/gcc/arm-none-eabi/13.3.1/../../../../arm-none-eabi/lib/thumb/v6-m/nofp\libc_nano.a(libc_a-mallocr.o)
 .debug_frame   0x00002504       0x40 C:/ST/STM32CubeIDE_1.19.0/STM32CubeIDE/plugins/com.st.stm32cube.ide.mcu.externaltools.gnu-tools-for-stm32.13.3.rel1.win32_1.0.0.202411081344/tools/bin/../lib/gcc/arm-none-eabi/13.3.1/../../../../arm-none-eabi/lib/thumb/v6-m/nofp\libc_nano.a(libc_a-mlock.o)
 .debug_frame   0x00002544       0x9c C:/ST/STM32CubeIDE_1.19.0/STM32CubeIDE/plugins/com.st.stm32cube.ide.mcu.externaltools.gnu-tools-for-stm32.13.3.rel1.win32_1.0.0.202411081344/tools/bin/../lib/gcc/arm-none-eabi/13.3.1/../../../../arm-none-eabi/lib/thumb/v6-m/nofp\libc_nano.a(libc_a-nano-vfprintf.o)
 .debug_frame   0x000025e0       0x54 C:/ST/STM32CubeIDE_1.19.0/STM32CubeIDE/plugins/com.st.stm32cube.ide.mcu.externaltools.gnu-tools-for-stm32.13.3.rel1.win32_1.0.0.202411081344/tools/bin/../lib/gcc/arm-none-eabi/13.3.1/../../../../arm-none-eabi/lib/thumb/v6-m/nofp\libc_nano.a(libc_a-nano-vfprintf_i.o)
 .debug_frame   0x00002634       0x68 C:/ST/STM32CubeIDE_1.19.0/STM32CubeIDE/plugins/com.st.stm32cube.ide.mcu.externaltools.gnu-tools-for-stm32.13.3.rel1.win32_1.0.0.202411081344/tools/bin/../lib/gcc/arm-none-eabi/13.3.1/../../../../arm-none-eabi/lib/thumb/v6-m/nofp\libc_nano.a(libc_a-fflush.o)
 .debug_frame   0x0000269c       0x48 C:/ST/STM32CubeIDE_1.19.0/STM32CubeIDE/plugins/com.st.stm32cube.ide.mcu.externaltools.gnu-tools-for-stm32.13.3.rel1.win32_1.0.0.202411081344/tools/bin/../lib/gcc/arm-none-eabi/13.3.1/../../../../arm-none-eabi/lib/thumb/v6-m/nofp\libc_nano.a(libc_a-wbuf.o)
 .debug_frame   0x000026e4       0x2c C:/ST/STM32CubeIDE_1.19.0/STM32CubeIDE/plugins/com.st.stm32cube.ide.mcu.externaltools.gnu-tools-for-stm32.13.3.rel1.win32_1.0.0.202411081344/tools/bin/../lib/gcc/arm-none-eabi/13.3.1/../../../../arm-none-eabi/lib/thumb/v6-m/nofp\libc_nano.a(libc_a-wsetup.o)
 .debug_frame   0x00002710       0x2c C:/ST/STM32CubeIDE_1.19.0/STM32CubeIDE/plugins/com.st.stm32cube.ide.mcu.externaltools.gnu-tools-for-stm32.13.3.rel1.win32_1.0.0.202411081344/tools/bin/../lib/gcc/arm-none-eabi/13.3.1/../../../../arm-none-eabi/lib/thumb/v6-m/nofp\libc_nano.a(libc_a-sbrkr.o)
 .debug_frame   0x0000273c       0x20 C:/ST/STM32CubeIDE_1.19.0/STM32CubeIDE/plugins/com.st.stm32cube.ide.mcu.externaltools.gnu-tools-for-stm32.13.3.rel1.win32_1.0.0.202411081344/tools/bin/../lib/gcc/arm-none-eabi/13.3.1/../../../../arm-none-eabi/lib/thumb/v6-m/nofp\libc_nano.a(libc_a-memchr-stub.o)
 .debug_frame   0x0000275c       0x50 C:/ST/STM32CubeIDE_1.19.0/STM32CubeIDE/plugins/com.st.stm32cube.ide.mcu.externaltools.gnu-tools-for-stm32.13.3.rel1.win32_1.0.0.202411081344/tools/bin/../lib/gcc/arm-none-eabi/13.3.1/../../../../arm-none-eabi/lib/thumb/v6-m/nofp\libc_nano.a(libc_a-makebuf.o)
 .debug_frame   0x000027ac       0x2c C:/ST/STM32CubeIDE_1.19.0/STM32CubeIDE/plugins/com.st.stm32cube.ide.mcu.externaltools.gnu-tools-for-stm32.13.3.rel1.win32_1.0.0.202411081344/tools/bin/../lib/gcc/arm-none-eabi/13.3.1/../../../../arm-none-eabi/lib/thumb/v6-m/nofp\libc_nano.a(libc_a-fstatr.o)
 .debug_frame   0x000027d8       0x2c C:/ST/STM32CubeIDE_1.19.0/STM32CubeIDE/plugins/com.st.stm32cube.ide.mcu.externaltools.gnu-tools-for-stm32.13.3.rel1.win32_1.0.0.202411081344/tools/bin/../lib/gcc/arm-none-eabi/13.3.1/../../../../arm-none-eabi/lib/thumb/v6-m/nofp\libc_nano.a(libc_a-isattyr.o)
 .debug_frame   0x00002804       0x20 C:/ST/STM32CubeIDE_1.19.0/STM32CubeIDE/plugins/com.st.stm32cube.ide.mcu.externaltools.gnu-tools-for-stm32.13.3.rel1.win32_1.0.0.202411081344/tools/bin/../lib/gcc/arm-none-eabi/13.3.1/thumb/v6-m/nofp\libgcc.a(_udivsi3.o)